Component: ARM Compiler 5.05 update 1 (build 106) Tool: armlink [4d0efa]

==============================================================================

Section Cross References

    hello.o(i.ConfigureSSI) refers to gpio.o(i.GPIOPinConfigure) for GPIOPinConfigure
    hello.o(i.ConfigureSSI) refers to sysctl.o(i.SysCtlClockGet) for SysCtlClockGet
    hello.o(i.ConfigureUART) refers to uart.o(i.UARTClockSourceSet) for UARTClockSourceSet
    hello.o(i.ConfigureUART) refers to uartstdio.o(i.UARTStdioConfig) for UARTStdioConfig
    hello.o(i.Edge_Handler) refers to gpio.o(i.GPIOIntClear) for GPIOIntClear
    hello.o(i.Edge_Handler) refers to hello.o(.data) for .data
    hello.o(i.Edge_Handler) refers to hello.o(.bss) for .bss
    hello.o(i.lcdTestPattern) refers to adafruit_gfx.o(i.goTo) for goTo
    hello.o(i.lcdTestPattern) refers to adafruit_gfx.o(i.writeData) for writeData
    hello.o(i.main) refers to gpio.o(i.GPIOIntEnable) for GPIOIntEnable
    hello.o(i.main) refers to hello.o(i.ConfigureUART) for ConfigureUART
    hello.o(i.main) refers to hello.o(i.ConfigureSSI) for ConfigureSSI
    hello.o(i.main) refers to uartstdio.o(i.UARTprintf) for UARTprintf
    hello.o(i.main) refers to adafruit_gfx.o(i.begin) for begin
    hello.o(i.main) refers to adafruit_gfx.o(i.fillRect) for fillRect
    hello.o(i.main) refers to sysctl.o(i.SysCtlClockGet) for SysCtlClockGet
    hello.o(i.main) refers to hello.o(i.lcdTestPattern) for lcdTestPattern
    hello.o(i.main) refers to adafruit_gfx.o(i.initHW) for initHW
    hello.o(i.main) refers to adafruit_gfx.o(i.setTextSize) for setTextSize
    hello.o(i.main) refers to adafruit_gfx.o(i.fillScreen) for fillScreen
    hello.o(i.main) refers to hello.o(i.testdrawtext) for testdrawtext
    hello.o(i.main) refers to gpio.o(i.GPIOIntDisable) for GPIOIntDisable
    hello.o(i.main) refers to roundf.o(i.__hardfp_roundf) for __hardfp_roundf
    hello.o(i.main) refers to adafruit_gfx.o(i.drawChar) for drawChar
    hello.o(i.main) refers to dfltui.o(.text) for __aeabi_ui2d
    hello.o(i.main) refers to dmul.o(.text) for __aeabi_dmul
    hello.o(i.main) refers to dfixui.o(.text) for __aeabi_d2uiz
    hello.o(i.main) refers to hello.o(.conststring) for .conststring
    hello.o(i.main) refers to hello.o(.data) for .data
    hello.o(i.main) refers to hello.o(.bss) for .bss
    hello.o(i.testdrawtext) refers to adafruit_gfx.o(i.setCursor) for setCursor
    hello.o(i.testdrawtext) refers to adafruit_gfx.o(i.setTextColor) for setTextColor
    hello.o(i.testdrawtext) refers to adafruit_gfx.o(i.setTextWrap) for setTextWrap
    hello.o(i.testdrawtext) refers to adafruit_gfx.o(i.fillScreen) for fillScreen
    hello.o(i.testdrawtext) refers to adafruit_gfx.o(i.writeChar) for writeChar
    hello.o(i.testdrawtext) refers to strlen.o(.text) for strlen
    startup_rvmdk.o(RESET) refers to startup_rvmdk.o(STACK) for StackMem
    startup_rvmdk.o(RESET) refers to hello.o(i.SysTick_Handler) for SysTick_Handler
    startup_rvmdk.o(RESET) refers to hello.o(i.Edge_Handler) for Edge_Handler
    startup_rvmdk.o(RESET) refers to entry.o(.ARM.Collect$$$$00000000) for __main
    uartstdio.o(i.UARTStdioConfig) refers to uartstdio.o(.constdata) for .constdata
    uartstdio.o(i.UARTStdioConfig) refers to uartstdio.o(.data) for .data
    uartstdio.o(i.UARTgetc) refers to uartstdio.o(.data) for .data
    uartstdio.o(i.UARTgets) refers to uartstdio.o(i.UARTwrite) for UARTwrite
    uartstdio.o(i.UARTgets) refers to uartstdio.o(.data) for .data
    uartstdio.o(i.UARTprintf) refers to uartstdio.o(i.UARTvprintf) for UARTvprintf
    uartstdio.o(i.UARTvprintf) refers to uartstdio.o(i.UARTwrite) for UARTwrite
    uartstdio.o(i.UARTvprintf) refers to uartstdio.o(.constdata) for .constdata
    uartstdio.o(i.UARTwrite) refers to uartstdio.o(.data) for .data
    uartstdio.o(.constdata) refers to uartstdio.o(.conststring) for .conststring
    adafruit_gfx.o(i.begin) refers to sysctl.o(i.SysCtlClockGet) for SysCtlClockGet
    adafruit_gfx.o(i.begin) refers to adafruit_gfx.o(i.writeCommand) for writeCommand
    adafruit_gfx.o(i.begin) refers to adafruit_gfx.o(i.writeData) for writeData
    adafruit_gfx.o(i.drawChar) refers to adafruit_gfx.o(i.fillRect) for fillRect
    adafruit_gfx.o(i.drawChar) refers to adafruit_gfx.o(i.drawPixel) for drawPixel
    adafruit_gfx.o(i.drawChar) refers to adafruit_gfx.o(.data) for .data
    adafruit_gfx.o(i.drawChar) refers to adafruit_gfx.o(.constdata) for .constdata
    adafruit_gfx.o(i.drawCircle) refers to adafruit_gfx.o(i.drawPixel) for drawPixel
    adafruit_gfx.o(i.drawCircleHelper) refers to adafruit_gfx.o(i.drawPixel) for drawPixel
    adafruit_gfx.o(i.drawFastHLine) refers to adafruit_gfx.o(i.rawFastVLine) for rawFastVLine
    adafruit_gfx.o(i.drawFastHLine) refers to adafruit_gfx.o(i.rawFastHLine) for rawFastHLine
    adafruit_gfx.o(i.drawFastHLine) refers to adafruit_gfx.o(.data) for .data
    adafruit_gfx.o(i.drawFastVLine) refers to adafruit_gfx.o(i.rawFastHLine) for rawFastHLine
    adafruit_gfx.o(i.drawFastVLine) refers to adafruit_gfx.o(i.rawFastVLine) for rawFastVLine
    adafruit_gfx.o(i.drawFastVLine) refers to adafruit_gfx.o(.data) for .data
    adafruit_gfx.o(i.drawLine) refers to adafruit_gfx.o(i.drawPixel) for drawPixel
    adafruit_gfx.o(i.drawPixel) refers to adafruit_gfx.o(i.goTo) for goTo
    adafruit_gfx.o(i.drawPixel) refers to adafruit_gfx.o(i.writeData) for writeData
    adafruit_gfx.o(i.drawPixel) refers to adafruit_gfx.o(.data) for .data
    adafruit_gfx.o(i.drawRect) refers to adafruit_gfx.o(i.drawFastHLine) for drawFastHLine
    adafruit_gfx.o(i.drawRect) refers to adafruit_gfx.o(i.drawFastVLine) for drawFastVLine
    adafruit_gfx.o(i.drawRoundRect) refers to adafruit_gfx.o(i.drawFastHLine) for drawFastHLine
    adafruit_gfx.o(i.drawRoundRect) refers to adafruit_gfx.o(i.drawFastVLine) for drawFastVLine
    adafruit_gfx.o(i.drawRoundRect) refers to adafruit_gfx.o(i.drawCircleHelper) for drawCircleHelper
    adafruit_gfx.o(i.drawTriangle) refers to adafruit_gfx.o(i.drawLine) for drawLine
    adafruit_gfx.o(i.fillCircle) refers to adafruit_gfx.o(i.drawFastVLine) for drawFastVLine
    adafruit_gfx.o(i.fillCircle) refers to adafruit_gfx.o(i.fillCircleHelper) for fillCircleHelper
    adafruit_gfx.o(i.fillCircleHelper) refers to adafruit_gfx.o(i.drawFastVLine) for drawFastVLine
    adafruit_gfx.o(i.fillRect) refers to adafruit_gfx.o(i.rawFillRect) for rawFillRect
    adafruit_gfx.o(i.fillRect) refers to adafruit_gfx.o(.data) for .data
    adafruit_gfx.o(i.fillRoundRect) refers to adafruit_gfx.o(i.fillRect) for fillRect
    adafruit_gfx.o(i.fillRoundRect) refers to adafruit_gfx.o(i.fillCircleHelper) for fillCircleHelper
    adafruit_gfx.o(i.fillScreen) refers to adafruit_gfx.o(i.fillRect) for fillRect
    adafruit_gfx.o(i.fillTriangle) refers to adafruit_gfx.o(i.drawFastHLine) for drawFastHLine
    adafruit_gfx.o(i.getRotation) refers to adafruit_gfx.o(.data) for .data
    adafruit_gfx.o(i.goTo) refers to adafruit_gfx.o(i.writeCommand) for writeCommand
    adafruit_gfx.o(i.goTo) refers to adafruit_gfx.o(i.writeData) for writeData
    adafruit_gfx.o(i.height) refers to adafruit_gfx.o(.data) for .data
    adafruit_gfx.o(i.initHW) refers to adafruit_gfx.o(.data) for .data
    adafruit_gfx.o(i.invert) refers to adafruit_gfx.o(i.writeCommand) for writeCommand
    adafruit_gfx.o(i.rawFastHLine) refers to adafruit_gfx.o(i.writeCommand) for writeCommand
    adafruit_gfx.o(i.rawFastHLine) refers to adafruit_gfx.o(i.writeData) for writeData
    adafruit_gfx.o(i.rawFastVLine) refers to adafruit_gfx.o(i.writeCommand) for writeCommand
    adafruit_gfx.o(i.rawFastVLine) refers to adafruit_gfx.o(i.writeData) for writeData
    adafruit_gfx.o(i.rawFillRect) refers to adafruit_gfx.o(i.writeCommand) for writeCommand
    adafruit_gfx.o(i.rawFillRect) refers to adafruit_gfx.o(i.writeData) for writeData
    adafruit_gfx.o(i.setCursor) refers to adafruit_gfx.o(.data) for .data
    adafruit_gfx.o(i.setRotation) refers to adafruit_gfx.o(.data) for .data
    adafruit_gfx.o(i.setTextColor) refers to adafruit_gfx.o(.data) for .data
    adafruit_gfx.o(i.setTextSize) refers to adafruit_gfx.o(.data) for .data
    adafruit_gfx.o(i.setTextWrap) refers to adafruit_gfx.o(.data) for .data
    adafruit_gfx.o(i.width) refers to adafruit_gfx.o(.data) for .data
    adafruit_gfx.o(i.writeChar) refers to adafruit_gfx.o(i.drawChar) for drawChar
    adafruit_gfx.o(i.writeChar) refers to adafruit_gfx.o(.data) for .data
    adafruit_gfx.o(i.writeCommand) refers to ssi.o(i.SSIBusy) for SSIBusy
    adafruit_gfx.o(i.writeCommand) refers to ssi.o(i.SSIDataPut) for SSIDataPut
    adafruit_gfx.o(i.writeData) refers to ssi.o(i.SSIDataPut) for SSIDataPut
    gpio.o(i.GPIOIntRegister) refers to interrupt.o(i.IntRegister) for IntRegister
    gpio.o(i.GPIOIntRegister) refers to interrupt.o(i.IntEnable) for IntEnable
    gpio.o(i.GPIOIntRegister) refers to gpio.o(.constdata) for .constdata
    gpio.o(i.GPIOIntUnregister) refers to interrupt.o(i.IntDisable) for IntDisable
    gpio.o(i.GPIOIntUnregister) refers to interrupt.o(i.IntUnregister) for IntUnregister
    gpio.o(i.GPIOIntUnregister) refers to gpio.o(.constdata) for .constdata
    gpio.o(i.GPIOPinConfigure) refers to gpio.o(.constdata) for .constdata
    gpio.o(i.GPIOPinTypeADC) refers to gpio.o(i.GPIODirModeSet) for GPIODirModeSet
    gpio.o(i.GPIOPinTypeADC) refers to gpio.o(i.GPIOPadConfigSet) for GPIOPadConfigSet
    gpio.o(i.GPIOPinTypeCAN) refers to gpio.o(i.GPIODirModeSet) for GPIODirModeSet
    gpio.o(i.GPIOPinTypeCAN) refers to gpio.o(i.GPIOPadConfigSet) for GPIOPadConfigSet
    gpio.o(i.GPIOPinTypeComparator) refers to gpio.o(i.GPIODirModeSet) for GPIODirModeSet
    gpio.o(i.GPIOPinTypeComparator) refers to gpio.o(i.GPIOPadConfigSet) for GPIOPadConfigSet
    gpio.o(i.GPIOPinTypeEPI) refers to gpio.o(i.GPIODirModeSet) for GPIODirModeSet
    gpio.o(i.GPIOPinTypeEPI) refers to gpio.o(i.GPIOPadConfigSet) for GPIOPadConfigSet
    gpio.o(i.GPIOPinTypeEthernetLED) refers to gpio.o(i.GPIODirModeSet) for GPIODirModeSet
    gpio.o(i.GPIOPinTypeEthernetLED) refers to gpio.o(i.GPIOPadConfigSet) for GPIOPadConfigSet
    gpio.o(i.GPIOPinTypeEthernetMII) refers to gpio.o(i.GPIODirModeSet) for GPIODirModeSet
    gpio.o(i.GPIOPinTypeEthernetMII) refers to gpio.o(i.GPIOPadConfigSet) for GPIOPadConfigSet
    gpio.o(i.GPIOPinTypeFan) refers to gpio.o(i.GPIODirModeSet) for GPIODirModeSet
    gpio.o(i.GPIOPinTypeFan) refers to gpio.o(i.GPIOPadConfigSet) for GPIOPadConfigSet
    gpio.o(i.GPIOPinTypeGPIOInput) refers to gpio.o(i.GPIODirModeSet) for GPIODirModeSet
    gpio.o(i.GPIOPinTypeGPIOInput) refers to gpio.o(i.GPIOPadConfigSet) for GPIOPadConfigSet
    gpio.o(i.GPIOPinTypeGPIOOutput) refers to gpio.o(i.GPIOPadConfigSet) for GPIOPadConfigSet
    gpio.o(i.GPIOPinTypeGPIOOutput) refers to gpio.o(i.GPIODirModeSet) for GPIODirModeSet
    gpio.o(i.GPIOPinTypeGPIOOutputOD) refers to gpio.o(i.GPIOPadConfigSet) for GPIOPadConfigSet
    gpio.o(i.GPIOPinTypeGPIOOutputOD) refers to gpio.o(i.GPIODirModeSet) for GPIODirModeSet
    gpio.o(i.GPIOPinTypeI2C) refers to gpio.o(i.GPIODirModeSet) for GPIODirModeSet
    gpio.o(i.GPIOPinTypeI2C) refers to gpio.o(i.GPIOPadConfigSet) for GPIOPadConfigSet
    gpio.o(i.GPIOPinTypeI2CSCL) refers to gpio.o(i.GPIODirModeSet) for GPIODirModeSet
    gpio.o(i.GPIOPinTypeI2CSCL) refers to gpio.o(i.GPIOPadConfigSet) for GPIOPadConfigSet
    gpio.o(i.GPIOPinTypeLPC) refers to gpio.o(i.GPIODirModeSet) for GPIODirModeSet
    gpio.o(i.GPIOPinTypeLPC) refers to gpio.o(i.GPIOPadConfigSet) for GPIOPadConfigSet
    gpio.o(i.GPIOPinTypePECIRx) refers to gpio.o(i.GPIODirModeSet) for GPIODirModeSet
    gpio.o(i.GPIOPinTypePECIRx) refers to gpio.o(i.GPIOPadConfigSet) for GPIOPadConfigSet
    gpio.o(i.GPIOPinTypePECITx) refers to gpio.o(i.GPIODirModeSet) for GPIODirModeSet
    gpio.o(i.GPIOPinTypePECITx) refers to gpio.o(i.GPIOPadConfigSet) for GPIOPadConfigSet
    gpio.o(i.GPIOPinTypePWM) refers to gpio.o(i.GPIODirModeSet) for GPIODirModeSet
    gpio.o(i.GPIOPinTypePWM) refers to gpio.o(i.GPIOPadConfigSet) for GPIOPadConfigSet
    gpio.o(i.GPIOPinTypeQEI) refers to gpio.o(i.GPIODirModeSet) for GPIODirModeSet
    gpio.o(i.GPIOPinTypeQEI) refers to gpio.o(i.GPIOPadConfigSet) for GPIOPadConfigSet
    gpio.o(i.GPIOPinTypeSSI) refers to gpio.o(i.GPIODirModeSet) for GPIODirModeSet
    gpio.o(i.GPIOPinTypeSSI) refers to gpio.o(i.GPIOPadConfigSet) for GPIOPadConfigSet
    gpio.o(i.GPIOPinTypeTimer) refers to gpio.o(i.GPIODirModeSet) for GPIODirModeSet
    gpio.o(i.GPIOPinTypeTimer) refers to gpio.o(i.GPIOPadConfigSet) for GPIOPadConfigSet
    gpio.o(i.GPIOPinTypeUART) refers to gpio.o(i.GPIODirModeSet) for GPIODirModeSet
    gpio.o(i.GPIOPinTypeUART) refers to gpio.o(i.GPIOPadConfigSet) for GPIOPadConfigSet
    gpio.o(i.GPIOPinTypeUSBAnalog) refers to gpio.o(i.GPIODirModeSet) for GPIODirModeSet
    gpio.o(i.GPIOPinTypeUSBAnalog) refers to gpio.o(i.GPIOPadConfigSet) for GPIOPadConfigSet
    gpio.o(i.GPIOPinTypeUSBDigital) refers to gpio.o(i.GPIODirModeSet) for GPIODirModeSet
    gpio.o(i.GPIOPinTypeUSBDigital) refers to gpio.o(i.GPIOPadConfigSet) for GPIOPadConfigSet
    ssi.o(i.SSIIntRegister) refers to interrupt.o(i.IntRegister) for IntRegister
    ssi.o(i.SSIIntRegister) refers to interrupt.o(i.IntEnable) for IntEnable
    ssi.o(i.SSIIntRegister) refers to ssi.o(.constdata) for .constdata
    ssi.o(i.SSIIntUnregister) refers to interrupt.o(i.IntDisable) for IntDisable
    ssi.o(i.SSIIntUnregister) refers to interrupt.o(i.IntUnregister) for IntUnregister
    ssi.o(i.SSIIntUnregister) refers to ssi.o(.constdata) for .constdata
    sysctl.o(i.SysCtlClockGet) refers to sysctl.o(.constdata) for .constdata
    sysctl.o(i.SysCtlClockSet) refers to sysctl.o(.emb_text) for SysCtlDelay
    sysctl.o(i.SysCtlDeepSleep) refers to cpu.o(.emb_text) for CPUwfi
    sysctl.o(i.SysCtlIntRegister) refers to interrupt.o(i.IntRegister) for IntRegister
    sysctl.o(i.SysCtlIntRegister) refers to interrupt.o(i.IntEnable) for IntEnable
    sysctl.o(i.SysCtlIntUnregister) refers to interrupt.o(i.IntDisable) for IntDisable
    sysctl.o(i.SysCtlIntUnregister) refers to interrupt.o(i.IntUnregister) for IntUnregister
    sysctl.o(i.SysCtlSleep) refers to cpu.o(.emb_text) for CPUwfi
    uart.o(i.UARTIntRegister) refers to interrupt.o(i.IntRegister) for IntRegister
    uart.o(i.UARTIntRegister) refers to interrupt.o(i.IntEnable) for IntEnable
    uart.o(i.UARTIntRegister) refers to uart.o(.constdata) for .constdata
    uart.o(i.UARTIntUnregister) refers to interrupt.o(i.IntDisable) for IntDisable
    uart.o(i.UARTIntUnregister) refers to interrupt.o(i.IntUnregister) for IntUnregister
    uart.o(i.UARTIntUnregister) refers to uart.o(.constdata) for .constdata
    interrupt.o(i.IntDisable) refers to interrupt.o(.constdata) for .constdata
    interrupt.o(i.IntEnable) refers to interrupt.o(.constdata) for .constdata
    interrupt.o(i.IntIsEnabled) refers to interrupt.o(.constdata) for .constdata
    interrupt.o(i.IntMasterDisable) refers to cpu.o(.emb_text) for CPUcpsid
    interrupt.o(i.IntMasterEnable) refers to cpu.o(.emb_text) for CPUcpsie
    interrupt.o(i.IntPendClear) refers to interrupt.o(.constdata) for .constdata
    interrupt.o(i.IntPendSet) refers to interrupt.o(.constdata) for .constdata
    interrupt.o(i.IntPriorityGet) refers to interrupt.o(.constdata) for .constdata
    interrupt.o(i.IntPriorityGroupingGet) refers to interrupt.o(.constdata) for .constdata
    interrupt.o(i.IntPriorityGroupingSet) refers to interrupt.o(.constdata) for .constdata
    interrupt.o(i.IntPriorityMaskGet) refers to cpu.o(.emb_text) for CPUbasepriGet
    interrupt.o(i.IntPriorityMaskSet) refers to cpu.o(.emb_text) for CPUbasepriSet
    interrupt.o(i.IntPrioritySet) refers to interrupt.o(.constdata) for .constdata
    interrupt.o(i.IntRegister) refers to interrupt.o(vtable) for vtable
    interrupt.o(i.IntUnregister) refers to interrupt.o(i._IntDefaultHandler) for _IntDefaultHandler
    interrupt.o(i.IntUnregister) refers to interrupt.o(vtable) for vtable
    roundf.o(i.__hardfp_roundf) refers (Special) to iusefp.o(.text) for __I$use$fp
    roundf.o(i.__hardfp_roundf) refers to frnd.o(.text) for _frnd
    roundf.o(i.roundf) refers (Special) to iusefp.o(.text) for __I$use$fp
    roundf.o(i.roundf) refers to roundf.o(i.__hardfp_roundf) for __hardfp_roundf
    entry.o(.ARM.Collect$$$$00000000) refers (Special) to entry10a.o(.ARM.Collect$$$$0000000D) for __rt_final_cpp
    entry.o(.ARM.Collect$$$$00000000) refers (Special) to entry11a.o(.ARM.Collect$$$$0000000F) for __rt_final_exit
    entry.o(.ARM.Collect$$$$00000000) refers (Special) to entry7b.o(.ARM.Collect$$$$00000008) for _main_clock
    entry.o(.ARM.Collect$$$$00000000) refers (Special) to entry8b.o(.ARM.Collect$$$$0000000A) for _main_cpp_init
    entry.o(.ARM.Collect$$$$00000000) refers (Special) to entry9a.o(.ARM.Collect$$$$0000000B) for _main_init
    entry.o(.ARM.Collect$$$$00000000) refers (Special) to entry5.o(.ARM.Collect$$$$00000004) for _main_scatterload
    entry.o(.ARM.Collect$$$$00000000) refers (Special) to entry2.o(.ARM.Collect$$$$00000001) for _main_stk
    dmul.o(.text) refers (Special) to iusefp.o(.text) for __I$use$fp
    dmul.o(.text) refers to depilogue.o(.text) for _double_epilogue
    dfltui.o(.text) refers (Special) to iusefp.o(.text) for __I$use$fp
    dfltui.o(.text) refers to depilogue.o(.text) for _double_epilogue
    dfixui.o(.text) refers (Special) to iusefp.o(.text) for __I$use$fp
    dfixui.o(.text) refers to llushr.o(.text) for __aeabi_llsr
    entry2.o(.ARM.Collect$$$$00000001) refers to entry2.o(.ARM.Collect$$$$00002712) for __lit__00000000
    entry2.o(.ARM.Collect$$$$00002712) refers to startup_rvmdk.o(STACK) for __initial_sp
    entry2.o(__vectab_stack_and_reset_area) refers to startup_rvmdk.o(STACK) for __initial_sp
    entry2.o(__vectab_stack_and_reset_area) refers to entry.o(.ARM.Collect$$$$00000000) for __main
    entry5.o(.ARM.Collect$$$$00000004) refers to init.o(.text) for __scatterload
    entry9a.o(.ARM.Collect$$$$0000000B) refers to hello.o(i.main) for main
    entry9b.o(.ARM.Collect$$$$0000000C) refers to hello.o(i.main) for main
    frnd.o(.text) refers to fepilogue.o(.text) for _float_round
    depilogue.o(.text) refers to llshl.o(.text) for __aeabi_llsl
    depilogue.o(.text) refers to llushr.o(.text) for __aeabi_llsr
    init.o(.text) refers to entry5.o(.ARM.Collect$$$$00000004) for __main_after_scatterload


==============================================================================

Removing Unused input sections from the image.

    Removing hello.o(.data), (4 bytes).
    Removing hello.o(.data), (4 bytes).
    Removing startup_rvmdk.o(HEAP), (0 bytes).
    Removing startup_rvmdk.o(.text), (0 bytes).
    Removing uartstdio.o(i.UARTgetc), (24 bytes).
    Removing uartstdio.o(i.UARTgets), (132 bytes).
    Removing adafruit_gfx.o(i.Color565), (24 bytes).
    Removing adafruit_gfx.o(i.drawCircle), (254 bytes).
    Removing adafruit_gfx.o(i.drawCircleHelper), (228 bytes).
    Removing adafruit_gfx.o(i.drawFastHLine), (72 bytes).
    Removing adafruit_gfx.o(i.drawFastVLine), (72 bytes).
    Removing adafruit_gfx.o(i.drawLine), (162 bytes).
    Removing adafruit_gfx.o(i.drawRect), (70 bytes).
    Removing adafruit_gfx.o(i.drawRoundRect), (184 bytes).
    Removing adafruit_gfx.o(i.drawTriangle), (56 bytes).
    Removing adafruit_gfx.o(i.fillCircle), (52 bytes).
    Removing adafruit_gfx.o(i.fillCircleHelper), (194 bytes).
    Removing adafruit_gfx.o(i.fillRoundRect), (102 bytes).
    Removing adafruit_gfx.o(i.fillTriangle), (330 bytes).
    Removing adafruit_gfx.o(i.getRotation), (12 bytes).
    Removing adafruit_gfx.o(i.height), (12 bytes).
    Removing adafruit_gfx.o(i.invert), (12 bytes).
    Removing adafruit_gfx.o(i.rawFastHLine), (112 bytes).
    Removing adafruit_gfx.o(i.rawFastVLine), (112 bytes).
    Removing adafruit_gfx.o(i.setRotation), (36 bytes).
    Removing adafruit_gfx.o(i.swap1), (2 bytes).
    Removing adafruit_gfx.o(i.width), (12 bytes).
    Removing adafruit_gfx.o(.constdata), (4 bytes).
    Removing adafruit_gfx.o(.constdata), (4 bytes).
    Removing adafruit_gfx.o(.constdata), (1 bytes).
    Removing adafruit_gfx.o(.constdata), (1 bytes).
    Removing adafruit_gfx.o(.constdata), (1 bytes).
    Removing adafruit_gfx.o(.constdata), (1 bytes).
    Removing adafruit_gfx.o(.constdata), (1 bytes).
    Removing gpio.o(i.GPIOADCTriggerDisable), (14 bytes).
    Removing gpio.o(i.GPIOADCTriggerEnable), (14 bytes).
    Removing gpio.o(i.GPIODMATriggerDisable), (14 bytes).
    Removing gpio.o(i.GPIODMATriggerEnable), (14 bytes).
    Removing gpio.o(i.GPIODirModeGet), (34 bytes).
    Removing gpio.o(i.GPIODirModeSet), (40 bytes).
    Removing gpio.o(i.GPIOIntRegister), (56 bytes).
    Removing gpio.o(i.GPIOIntStatus), (14 bytes).
    Removing gpio.o(i.GPIOIntTypeGet), (68 bytes).
    Removing gpio.o(i.GPIOIntTypeSet), (80 bytes).
    Removing gpio.o(i.GPIOIntUnregister), (52 bytes).
    Removing gpio.o(i.GPIOPadConfigGet), (140 bytes).
    Removing gpio.o(i.GPIOPadConfigSet), (176 bytes).
    Removing gpio.o(i.GPIOPinRead), (6 bytes).
    Removing gpio.o(i.GPIOPinTypeADC), (28 bytes).
    Removing gpio.o(i.GPIOPinTypeCAN), (28 bytes).
    Removing gpio.o(i.GPIOPinTypeComparator), (28 bytes).
    Removing gpio.o(i.GPIOPinTypeEPI), (28 bytes).
    Removing gpio.o(i.GPIOPinTypeEthernetLED), (28 bytes).
    Removing gpio.o(i.GPIOPinTypeEthernetMII), (28 bytes).
    Removing gpio.o(i.GPIOPinTypeFan), (28 bytes).
    Removing gpio.o(i.GPIOPinTypeGPIOInput), (28 bytes).
    Removing gpio.o(i.GPIOPinTypeGPIOOutput), (28 bytes).
    Removing gpio.o(i.GPIOPinTypeGPIOOutputOD), (28 bytes).
    Removing gpio.o(i.GPIOPinTypeI2C), (28 bytes).
    Removing gpio.o(i.GPIOPinTypeI2CSCL), (28 bytes).
    Removing gpio.o(i.GPIOPinTypeLPC), (28 bytes).
    Removing gpio.o(i.GPIOPinTypePECIRx), (28 bytes).
    Removing gpio.o(i.GPIOPinTypePECITx), (28 bytes).
    Removing gpio.o(i.GPIOPinTypePWM), (28 bytes).
    Removing gpio.o(i.GPIOPinTypeQEI), (28 bytes).
    Removing gpio.o(i.GPIOPinTypeSSI), (28 bytes).
    Removing gpio.o(i.GPIOPinTypeTimer), (28 bytes).
    Removing gpio.o(i.GPIOPinTypeUART), (28 bytes).
    Removing gpio.o(i.GPIOPinTypeUSBAnalog), (28 bytes).
    Removing gpio.o(i.GPIOPinTypeUSBDigital), (28 bytes).
    Removing gpio.o(i.GPIOPinWrite), (6 bytes).
    Removing ssi.o(i.SSIClockSourceGet), (6 bytes).
    Removing ssi.o(i.SSIClockSourceSet), (6 bytes).
    Removing ssi.o(i.SSIConfigSetExpClk), (74 bytes).
    Removing ssi.o(i.SSIDMADisable), (10 bytes).
    Removing ssi.o(i.SSIDMAEnable), (8 bytes).
    Removing ssi.o(i.SSIDataGet), (14 bytes).
    Removing ssi.o(i.SSIDataGetNonBlocking), (20 bytes).
    Removing ssi.o(i.SSIDataPutNonBlocking), (16 bytes).
    Removing ssi.o(i.SSIDisable), (10 bytes).
    Removing ssi.o(i.SSIEnable), (10 bytes).
    Removing ssi.o(i.SSIIntClear), (4 bytes).
    Removing ssi.o(i.SSIIntDisable), (10 bytes).
    Removing ssi.o(i.SSIIntEnable), (8 bytes).
    Removing ssi.o(i.SSIIntRegister), (56 bytes).
    Removing ssi.o(i.SSIIntStatus), (10 bytes).
    Removing ssi.o(i.SSIIntUnregister), (52 bytes).
    Removing ssi.o(.constdata), (32 bytes).
    Removing sysctl.o(.emb_text), (6 bytes).
    Removing sysctl.o(i.SysCtlADCSpeedGet), (16 bytes).
    Removing sysctl.o(i.SysCtlADCSpeedSet), (28 bytes).
    Removing sysctl.o(i.SysCtlClockSet), (284 bytes).
    Removing sysctl.o(i.SysCtlDeepSleep), (32 bytes).
    Removing sysctl.o(i.SysCtlDeepSleepClockSet), (12 bytes).
    Removing sysctl.o(i.SysCtlFlashSizeGet), (20 bytes).
    Removing sysctl.o(i.SysCtlGPIOAHBDisable), (28 bytes).
    Removing sysctl.o(i.SysCtlGPIOAHBEnable), (24 bytes).
    Removing sysctl.o(i.SysCtlIntClear), (12 bytes).
    Removing sysctl.o(i.SysCtlIntDisable), (16 bytes).
    Removing sysctl.o(i.SysCtlIntEnable), (16 bytes).
    Removing sysctl.o(i.SysCtlIntRegister), (20 bytes).
    Removing sysctl.o(i.SysCtlIntStatus), (16 bytes).
    Removing sysctl.o(i.SysCtlIntUnregister), (18 bytes).
    Removing sysctl.o(i.SysCtlMOSCConfigSet), (12 bytes).
    Removing sysctl.o(i.SysCtlPIOSCCalibrate), (76 bytes).
    Removing sysctl.o(i.SysCtlPWMClockGet), (24 bytes).
    Removing sysctl.o(i.SysCtlPWMClockSet), (20 bytes).
    Removing sysctl.o(i.SysCtlPeripheralClockGating), (24 bytes).
    Removing sysctl.o(i.SysCtlPeripheralDeepSleepDisable), (40 bytes).
    Removing sysctl.o(i.SysCtlPeripheralDeepSleepEnable), (40 bytes).
    Removing sysctl.o(i.SysCtlPeripheralDisable), (40 bytes).
    Removing sysctl.o(i.SysCtlPeripheralEnable), (40 bytes).
    Removing sysctl.o(i.SysCtlPeripheralPowerOff), (40 bytes).
    Removing sysctl.o(i.SysCtlPeripheralPowerOn), (40 bytes).
    Removing sysctl.o(i.SysCtlPeripheralPresent), (44 bytes).
    Removing sysctl.o(i.SysCtlPeripheralReady), (44 bytes).
    Removing sysctl.o(i.SysCtlPeripheralReset), (60 bytes).
    Removing sysctl.o(i.SysCtlPeripheralSleepDisable), (40 bytes).
    Removing sysctl.o(i.SysCtlPeripheralSleepEnable), (40 bytes).
    Removing sysctl.o(i.SysCtlReset), (16 bytes).
    Removing sysctl.o(i.SysCtlResetCauseClear), (16 bytes).
    Removing sysctl.o(i.SysCtlResetCauseGet), (12 bytes).
    Removing sysctl.o(i.SysCtlSRAMSizeGet), (16 bytes).
    Removing sysctl.o(i.SysCtlSleep), (4 bytes).
    Removing sysctl.o(i.SysCtlUSBPLLDisable), (16 bytes).
    Removing sysctl.o(i.SysCtlUSBPLLEnable), (16 bytes).
    Removing sysctl.o(.data), (4 bytes).
    Removing sysctl.o(.data), (4 bytes).
    Removing sysctl.o(.data), (4 bytes).
    Removing sysctl.o(.data), (4 bytes).
    Removing sysctl.o(.data), (1 bytes).
    Removing uart.o(i.UART9BitAddrSend), (38 bytes).
    Removing uart.o(i.UART9BitAddrSet), (10 bytes).
    Removing uart.o(i.UART9BitDisable), (14 bytes).
    Removing uart.o(i.UART9BitEnable), (14 bytes).
    Removing uart.o(i.UARTBreakCtl), (18 bytes).
    Removing uart.o(i.UARTBusy), (8 bytes).
    Removing uart.o(i.UARTCharGet), (12 bytes).
    Removing uart.o(i.UARTCharGetNonBlocking), (16 bytes).
    Removing uart.o(i.UARTCharPut), (12 bytes).
    Removing uart.o(i.UARTCharPutNonBlocking), (16 bytes).
    Removing uart.o(i.UARTCharsAvail), (10 bytes).
    Removing uart.o(i.UARTClockSourceGet), (6 bytes).
    Removing uart.o(i.UARTConfigGetExpClk), (46 bytes).
    Removing uart.o(i.UARTConfigSetExpClk), (110 bytes).
    Removing uart.o(i.UARTDMADisable), (10 bytes).
    Removing uart.o(i.UARTDMAEnable), (8 bytes).
    Removing uart.o(i.UARTDisable), (30 bytes).
    Removing uart.o(i.UARTDisableSIR), (10 bytes).
    Removing uart.o(i.UARTEnable), (20 bytes).
    Removing uart.o(i.UARTEnableSIR), (18 bytes).
    Removing uart.o(i.UARTFIFODisable), (10 bytes).
    Removing uart.o(i.UARTFIFOEnable), (10 bytes).
    Removing uart.o(i.UARTFIFOLevelGet), (16 bytes).
    Removing uart.o(i.UARTFIFOLevelSet), (6 bytes).
    Removing uart.o(i.UARTFlowControlGet), (8 bytes).
    Removing uart.o(i.UARTFlowControlSet), (12 bytes).
    Removing uart.o(i.UARTIntClear), (4 bytes).
    Removing uart.o(i.UARTIntDisable), (10 bytes).
    Removing uart.o(i.UARTIntEnable), (8 bytes).
    Removing uart.o(i.UARTIntRegister), (56 bytes).
    Removing uart.o(i.UARTIntStatus), (10 bytes).
    Removing uart.o(i.UARTIntUnregister), (52 bytes).
    Removing uart.o(i.UARTModemControlClear), (14 bytes).
    Removing uart.o(i.UARTModemControlGet), (8 bytes).
    Removing uart.o(i.UARTModemControlSet), (12 bytes).
    Removing uart.o(i.UARTModemStatusGet), (10 bytes).
    Removing uart.o(i.UARTParityModeGet), (8 bytes).
    Removing uart.o(i.UARTParityModeSet), (12 bytes).
    Removing uart.o(i.UARTRxErrorClear), (6 bytes).
    Removing uart.o(i.UARTRxErrorGet), (8 bytes).
    Removing uart.o(i.UARTSmartCardDisable), (10 bytes).
    Removing uart.o(i.UARTSmartCardEnable), (22 bytes).
    Removing uart.o(i.UARTSpaceAvail), (10 bytes).
    Removing uart.o(i.UARTTxIntModeGet), (8 bytes).
    Removing uart.o(i.UARTTxIntModeSet), (12 bytes).
    Removing uart.o(.constdata), (64 bytes).
    Removing cpu.o(.emb_text), (38 bytes).
    Removing interrupt.o(i.IntDisable), (100 bytes).
    Removing interrupt.o(i.IntEnable), (100 bytes).
    Removing interrupt.o(i.IntIsEnabled), (96 bytes).
    Removing interrupt.o(i.IntMasterDisable), (14 bytes).
    Removing interrupt.o(i.IntMasterEnable), (14 bytes).
    Removing interrupt.o(i.IntPendClear), (68 bytes).
    Removing interrupt.o(i.IntPendSet), (84 bytes).
    Removing interrupt.o(i.IntPriorityGet), (28 bytes).
    Removing interrupt.o(i.IntPriorityGroupingGet), (36 bytes).
    Removing interrupt.o(i.IntPriorityGroupingSet), (28 bytes).
    Removing interrupt.o(i.IntPriorityMaskGet), (4 bytes).
    Removing interrupt.o(i.IntPriorityMaskSet), (4 bytes).
    Removing interrupt.o(i.IntPrioritySet), (40 bytes).
    Removing interrupt.o(i.IntRegister), (52 bytes).
    Removing interrupt.o(i.IntTrigger), (12 bytes).
    Removing interrupt.o(i.IntUnregister), (20 bytes).
    Removing interrupt.o(i._IntDefaultHandler), (2 bytes).
    Removing interrupt.o(.constdata), (268 bytes).
    Removing interrupt.o(vtable), (620 bytes).

197 unused section(s) (total 7722 bytes) removed from the image.

==============================================================================

Image Symbol Table

    Local Symbols

    Symbol Name                              Value     Ov Type        Size  Object(Section)

    RESET                                    0x00000000   Section      648  startup_rvmdk.o(RESET)
    ../clib/microlib/init/entry.s            0x00000000   Number         0  entry9b.o ABSOLUTE
    ../clib/microlib/init/entry.s            0x00000000   Number         0  entry9a.o ABSOLUTE
    ../clib/microlib/init/entry.s            0x00000000   Number         0  entry8b.o ABSOLUTE
    ../clib/microlib/init/entry.s            0x00000000   Number         0  entry8a.o ABSOLUTE
    ../clib/microlib/init/entry.s            0x00000000   Number         0  entry7b.o ABSOLUTE
    ../clib/microlib/init/entry.s            0x00000000   Number         0  entry7a.o ABSOLUTE
    ../clib/microlib/init/entry.s            0x00000000   Number         0  entry5.o ABSOLUTE
    ../clib/microlib/init/entry.s            0x00000000   Number         0  entry2.o ABSOLUTE
    ../clib/microlib/init/entry.s            0x00000000   Number         0  entry.o ABSOLUTE
    ../clib/microlib/init/entry.s            0x00000000   Number         0  entry11b.o ABSOLUTE
    ../clib/microlib/init/entry.s            0x00000000   Number         0  entry11a.o ABSOLUTE
    ../clib/microlib/init/entry.s            0x00000000   Number         0  entry10b.o ABSOLUTE
    ../clib/microlib/init/entry.s            0x00000000   Number         0  entry10a.o ABSOLUTE
    ../clib/microlib/longlong.c              0x00000000   Number         0  llushr.o ABSOLUTE
    ../clib/microlib/longlong.c              0x00000000   Number         0  llshl.o ABSOLUTE
    ../clib/microlib/string/strlen.c         0x00000000   Number         0  strlen.o ABSOLUTE
    ../clib/microlib/stubs.s                 0x00000000   Number         0  iusefp.o ABSOLUTE
    ../fplib/microlib/fpepilogue.c           0x00000000   Number         0  depilogue.o ABSOLUTE
    ../fplib/microlib/fpepilogue.c           0x00000000   Number         0  fepilogue.o ABSOLUTE
    ../fplib/microlib/fpfix.c                0x00000000   Number         0  dfixui.o ABSOLUTE
    ../fplib/microlib/fpflt.c                0x00000000   Number         0  dfltui.o ABSOLUTE
    ../fplib/microlib/fpmul.c                0x00000000   Number         0  dmul.o ABSOLUTE
    ../fplib/microlib/fprnd.c                0x00000000   Number         0  frnd.o ABSOLUTE
    ../mathlib/round.c                       0x00000000   Number         0  roundf.o ABSOLUTE
    Adafruit_GFX.c                           0x00000000   Number         0  adafruit_gfx.o ABSOLUTE
    C:\ti\TivaWare_C_Series-1.1\utils\uartstdio.c 0x00000000   Number         0  uartstdio.o ABSOLUTE
    cpu.c                                    0x00000000   Number         0  cpu.o ABSOLUTE
    cpu.c                                    0x00000000   Number         0  cpu.o ABSOLUTE
    dc.s                                     0x00000000   Number         0  dc.o ABSOLUTE
    gpio.c                                   0x00000000   Number         0  gpio.o ABSOLUTE
    handlers.s                               0x00000000   Number         0  handlers.o ABSOLUTE
    hello.c                                  0x00000000   Number         0  hello.o ABSOLUTE
    init.s                                   0x00000000   Number         0  init.o ABSOLUTE
    interrupt.c                              0x00000000   Number         0  interrupt.o ABSOLUTE
    ssi.c                                    0x00000000   Number         0  ssi.o ABSOLUTE
    startup_rvmdk.S                          0x00000000   Number         0  startup_rvmdk.o ABSOLUTE
    sysctl.c                                 0x00000000   Number         0  sysctl.o ABSOLUTE
    sysctl.c                                 0x00000000   Number         0  sysctl.o ABSOLUTE
    uart.c                                   0x00000000   Number         0  uart.o ABSOLUTE
    $v0                                      0x0000026c   Number         0  startup_rvmdk.o(RESET)
    NmiSR                                    0x00000281   Thumb Code     0  startup_rvmdk.o(RESET)
    FaultISR                                 0x00000283   Thumb Code     0  startup_rvmdk.o(RESET)
    IntDefaultHandler                        0x00000285   Thumb Code     0  startup_rvmdk.o(RESET)
    .ARM.Collect$$$$00000000                 0x00000288   Section        0  entry.o(.ARM.Collect$$$$00000000)
    .ARM.Collect$$$$00000001                 0x00000288   Section        4  entry2.o(.ARM.Collect$$$$00000001)
    .ARM.Collect$$$$00000004                 0x0000028c   Section        4  entry5.o(.ARM.Collect$$$$00000004)
    .ARM.Collect$$$$00000008                 0x00000290   Section        0  entry7b.o(.ARM.Collect$$$$00000008)
    .ARM.Collect$$$$0000000A                 0x00000290   Section        0  entry8b.o(.ARM.Collect$$$$0000000A)
    .ARM.Collect$$$$0000000B                 0x00000290   Section        8  entry9a.o(.ARM.Collect$$$$0000000B)
    .ARM.Collect$$$$0000000D                 0x00000298   Section        0  entry10a.o(.ARM.Collect$$$$0000000D)
    .ARM.Collect$$$$0000000F                 0x00000298   Section        0  entry11a.o(.ARM.Collect$$$$0000000F)
    .ARM.Collect$$$$00002712                 0x00000298   Section        4  entry2.o(.ARM.Collect$$$$00002712)
    __lit__00000000                          0x00000298   Data           4  entry2.o(.ARM.Collect$$$$00002712)
    .text                                    0x0000029c   Section        0  strlen.o(.text)
    .text                                    0x000002aa   Section        0  dmul.o(.text)
    .text                                    0x0000038e   Section        0  dfltui.o(.text)
    .text                                    0x000003a8   Section        0  dfixui.o(.text)
    .text                                    0x000003da   Section        0  llushr.o(.text)
    .text                                    0x000003fa   Section        0  frnd.o(.text)
    .text                                    0x000003fa   Section        0  iusefp.o(.text)
    .text                                    0x00000436   Section        0  depilogue.o(.text)
    .text                                    0x000004f0   Section       36  init.o(.text)
    .text                                    0x00000514   Section        0  llshl.o(.text)
    .text                                    0x00000532   Section        0  fepilogue.o(.text)
    i.ConfigureSSI                           0x000005a0   Section        0  hello.o(i.ConfigureSSI)
    i.ConfigureUART                          0x00000610   Section        0  hello.o(i.ConfigureUART)
    i.Edge_Handler                           0x0000066c   Section        0  hello.o(i.Edge_Handler)
    i.GPIOIntClear                           0x000006b0   Section        0  gpio.o(i.GPIOIntClear)
    i.GPIOIntDisable                         0x000006b6   Section        0  gpio.o(i.GPIOIntDisable)
    i.GPIOIntEnable                          0x000006c4   Section        0  gpio.o(i.GPIOIntEnable)
    i.GPIOPinConfigure                       0x000006d4   Section        0  gpio.o(i.GPIOPinConfigure)
    i.SSIBusy                                0x0000071c   Section        0  ssi.o(i.SSIBusy)
    i.SSIDataPut                             0x00000724   Section        0  ssi.o(i.SSIDataPut)
    i.SysCtlClockGet                         0x00000730   Section        0  sysctl.o(i.SysCtlClockGet)
    i.SysTick_Handler                        0x0000083c   Section        0  hello.o(i.SysTick_Handler)
    i.UARTClockSourceSet                     0x0000083e   Section        0  uart.o(i.UARTClockSourceSet)
    i.UARTStdioConfig                        0x00000844   Section        0  uartstdio.o(i.UARTStdioConfig)
    i.UARTprintf                             0x000008a0   Section        0  uartstdio.o(i.UARTprintf)
    i.UARTvprintf                            0x000008b4   Section        0  uartstdio.o(i.UARTvprintf)
    i.UARTwrite                              0x00000a68   Section        0  uartstdio.o(i.UARTwrite)
    i.__hardfp_roundf                        0x00000aa4   Section        0  roundf.o(i.__hardfp_roundf)
    i.__scatterload_copy                     0x00000b3e   Section       14  handlers.o(i.__scatterload_copy)
    i.__scatterload_null                     0x00000b4c   Section        2  handlers.o(i.__scatterload_null)
    i.__scatterload_zeroinit                 0x00000b4e   Section       14  handlers.o(i.__scatterload_zeroinit)
    i.begin                                  0x00000b5c   Section        0  adafruit_gfx.o(i.begin)
    i.drawChar                               0x00000cc4   Section        0  adafruit_gfx.o(i.drawChar)
    i.drawPixel                              0x00000d88   Section        0  adafruit_gfx.o(i.drawPixel)
    i.fillRect                               0x00000ddc   Section        0  adafruit_gfx.o(i.fillRect)
    i.fillScreen                             0x00000e2c   Section        0  adafruit_gfx.o(i.fillScreen)
    i.goTo                                   0x00000e3e   Section        0  adafruit_gfx.o(i.goTo)
    i.initHW                                 0x00000e7c   Section        0  adafruit_gfx.o(i.initHW)
    i.lcdTestPattern                         0x00000e8c   Section        0  hello.o(i.lcdTestPattern)
    i.main                                   0x00000f00   Section        0  hello.o(i.main)
    i.rawFillRect                            0x0000133c   Section        0  adafruit_gfx.o(i.rawFillRect)
    i.setCursor                              0x000013c4   Section        0  adafruit_gfx.o(i.setCursor)
    i.setTextColor                           0x000013d0   Section        0  adafruit_gfx.o(i.setTextColor)
    i.setTextSize                            0x000013dc   Section        0  adafruit_gfx.o(i.setTextSize)
    i.setTextWrap                            0x000013ec   Section        0  adafruit_gfx.o(i.setTextWrap)
    i.testdrawtext                           0x000013f8   Section        0  hello.o(i.testdrawtext)
    i.writeChar                              0x00001458   Section        0  adafruit_gfx.o(i.writeChar)
    i.writeCommand                           0x000014b8   Section        0  adafruit_gfx.o(i.writeCommand)
    i.writeData                              0x000014f4   Section        0  adafruit_gfx.o(i.writeData)
    .constdata                               0x0000151c   Section       28  uartstdio.o(.constdata)
    g_pcHex                                  0x0000151c   Data           4  uartstdio.o(.constdata)
    g_ui32UARTBase                           0x00001520   Data          12  uartstdio.o(.constdata)
    g_ui32UARTPeriph                         0x0000152c   Data          12  uartstdio.o(.constdata)
    .constdata                               0x00001538   Section     1275  adafruit_gfx.o(.constdata)
    font                                     0x00001538   Data        1275  adafruit_gfx.o(.constdata)
    .constdata                               0x00001a34   Section      312  gpio.o(.constdata)
    g_ppui32GPIOIntMapBlizzard               0x00001a34   Data         192  gpio.o(.constdata)
    g_pui32GPIOBaseAddrs                     0x00001af4   Data         120  gpio.o(.constdata)
    .constdata                               0x00001b6c   Section      108  sysctl.o(.constdata)
    g_pui32Xtals                             0x00001b6c   Data         108  sysctl.o(.constdata)
    .conststring                             0x00001bd8   Section      366  hello.o(.conststring)
    .conststring                             0x00001d48   Section       17  uartstdio.o(.conststring)
    .data                                    0x20000000   Section       16  hello.o(.data)
    .data                                    0x20000010   Section        8  uartstdio.o(.data)
    bLastWasCR                               0x20000010   Data           1  uartstdio.o(.data)
    g_ui32Base                               0x20000014   Data           4  uartstdio.o(.data)
    .data                                    0x20000018   Section       16  adafruit_gfx.o(.data)
    .bss                                     0x20000028   Section      800  hello.o(.bss)
    STACK                                    0x20000348   Section      512  startup_rvmdk.o(STACK)
    StackMem                                 0x20000348   Data           0  startup_rvmdk.o(STACK)

    Global Symbols

    Symbol Name                              Value     Ov Type        Size  Object(Section)

    BuildAttributes$$THM_ISAv4$E$P$D$K$B$S$7EM$VFPi3$EXTD16$VFPS$VFMA$PE$A:L22UL41UL21$X:L11$S22US41US21$IEEE1$IW$USESV6$~STKCKD$USESV7$~SHL$OTIME$ROPI$IEEEJ$EBA8$MICROLIB$REQ8$PRES8$EABIv2 0x00000000   Number         0  anon$$obj.o ABSOLUTE
    __ARM_use_no_argv                        0x00000000   Number         0  hello.o ABSOLUTE
    __Vectors                                0x00000000   Data           0  startup_rvmdk.o(RESET)
    __cpp_initialize__aeabi_                  - Undefined Weak Reference
    __cxa_finalize                            - Undefined Weak Reference
    __decompress                              - Undefined Weak Reference
    _clock_init                               - Undefined Weak Reference
    _microlib_exit                            - Undefined Weak Reference
    Reset_Handler                            0x0000026d   Thumb Code     0  startup_rvmdk.o(RESET)
    __main                                   0x00000289   Thumb Code     0  entry.o(.ARM.Collect$$$$00000000)
    _main_stk                                0x00000289   Thumb Code     0  entry2.o(.ARM.Collect$$$$00000001)
    _main_scatterload                        0x0000028d   Thumb Code     0  entry5.o(.ARM.Collect$$$$00000004)
    __main_after_scatterload                 0x00000291   Thumb Code     0  entry5.o(.ARM.Collect$$$$00000004)
    _main_clock                              0x00000291   Thumb Code     0  entry7b.o(.ARM.Collect$$$$00000008)
    _main_cpp_init                           0x00000291   Thumb Code     0  entry8b.o(.ARM.Collect$$$$0000000A)
    _main_init                               0x00000291   Thumb Code     0  entry9a.o(.ARM.Collect$$$$0000000B)
    __rt_final_cpp                           0x00000299   Thumb Code     0  entry10a.o(.ARM.Collect$$$$0000000D)
    __rt_final_exit                          0x00000299   Thumb Code     0  entry11a.o(.ARM.Collect$$$$0000000F)
    strlen                                   0x0000029d   Thumb Code    14  strlen.o(.text)
    __aeabi_dmul                             0x000002ab   Thumb Code   228  dmul.o(.text)
    __aeabi_ui2d                             0x0000038f   Thumb Code    26  dfltui.o(.text)
    __aeabi_d2uiz                            0x000003a9   Thumb Code    50  dfixui.o(.text)
    __aeabi_llsr                             0x000003db   Thumb Code    32  llushr.o(.text)
    _ll_ushift_r                             0x000003db   Thumb Code     0  llushr.o(.text)
    __I$use$fp                               0x000003fb   Thumb Code     0  iusefp.o(.text)
    _frnd                                    0x000003fb   Thumb Code    60  frnd.o(.text)
    _double_round                            0x00000437   Thumb Code    30  depilogue.o(.text)
    _double_epilogue                         0x00000455   Thumb Code   156  depilogue.o(.text)
    __scatterload                            0x000004f1   Thumb Code    28  init.o(.text)
    __scatterload_rt2                        0x000004f1   Thumb Code     0  init.o(.text)
    __aeabi_llsl                             0x00000515   Thumb Code    30  llshl.o(.text)
    _ll_shift_l                              0x00000515   Thumb Code     0  llshl.o(.text)
    _float_round                             0x00000533   Thumb Code    18  fepilogue.o(.text)
    _float_epilogue                          0x00000545   Thumb Code    92  fepilogue.o(.text)
    ConfigureSSI                             0x000005a1   Thumb Code   100  hello.o(i.ConfigureSSI)
    ConfigureUART                            0x00000611   Thumb Code    76  hello.o(i.ConfigureUART)
    Edge_Handler                             0x0000066d   Thumb Code    54  hello.o(i.Edge_Handler)
    GPIOIntClear                             0x000006b1   Thumb Code     6  gpio.o(i.GPIOIntClear)
    GPIOIntDisable                           0x000006b7   Thumb Code    14  gpio.o(i.GPIOIntDisable)
    GPIOIntEnable                            0x000006c5   Thumb Code    14  gpio.o(i.GPIOIntEnable)
    GPIOPinConfigure                         0x000006d5   Thumb Code    64  gpio.o(i.GPIOPinConfigure)
    SSIBusy                                  0x0000071d   Thumb Code     8  ssi.o(i.SSIBusy)
    SSIDataPut                               0x00000725   Thumb Code    12  ssi.o(i.SSIDataPut)
    SysCtlClockGet                           0x00000731   Thumb Code   250  sysctl.o(i.SysCtlClockGet)
    SysTick_Handler                          0x0000083d   Thumb Code     2  hello.o(i.SysTick_Handler)
    UARTClockSourceSet                       0x0000083f   Thumb Code     6  uart.o(i.UARTClockSourceSet)
    UARTStdioConfig                          0x00000845   Thumb Code    82  uartstdio.o(i.UARTStdioConfig)
    UARTprintf                               0x000008a1   Thumb Code    18  uartstdio.o(i.UARTprintf)
    UARTvprintf                              0x000008b5   Thumb Code   420  uartstdio.o(i.UARTvprintf)
    UARTwrite                                0x00000a69   Thumb Code    56  uartstdio.o(i.UARTwrite)
    __hardfp_roundf                          0x00000aa5   Thumb Code   154  roundf.o(i.__hardfp_roundf)
    __scatterload_copy                       0x00000b3f   Thumb Code    14  handlers.o(i.__scatterload_copy)
    __scatterload_null                       0x00000b4d   Thumb Code     2  handlers.o(i.__scatterload_null)
    __scatterload_zeroinit                   0x00000b4f   Thumb Code    14  handlers.o(i.__scatterload_zeroinit)
    begin                                    0x00000b5d   Thumb Code   356  adafruit_gfx.o(i.begin)
    drawChar                                 0x00000cc5   Thumb Code   186  adafruit_gfx.o(i.drawChar)
    drawPixel                                0x00000d89   Thumb Code    80  adafruit_gfx.o(i.drawPixel)
    fillRect                                 0x00000ddd   Thumb Code    74  adafruit_gfx.o(i.fillRect)
    fillScreen                               0x00000e2d   Thumb Code    18  adafruit_gfx.o(i.fillScreen)
    goTo                                     0x00000e3f   Thumb Code    62  adafruit_gfx.o(i.goTo)
    initHW                                   0x00000e7d   Thumb Code    10  adafruit_gfx.o(i.initHW)
    lcdTestPattern                           0x00000e8d   Thumb Code   114  hello.o(i.lcdTestPattern)
    main                                     0x00000f01   Thumb Code   908  hello.o(i.main)
    rawFillRect                              0x0000133d   Thumb Code   134  adafruit_gfx.o(i.rawFillRect)
    setCursor                                0x000013c5   Thumb Code     8  adafruit_gfx.o(i.setCursor)
    setTextColor                             0x000013d1   Thumb Code     8  adafruit_gfx.o(i.setTextColor)
    setTextSize                              0x000013dd   Thumb Code    10  adafruit_gfx.o(i.setTextSize)
    setTextWrap                              0x000013ed   Thumb Code     6  adafruit_gfx.o(i.setTextWrap)
    testdrawtext                             0x000013f9   Thumb Code    96  hello.o(i.testdrawtext)
    writeChar                                0x00001459   Thumb Code    92  adafruit_gfx.o(i.writeChar)
    writeCommand                             0x000014b9   Thumb Code    52  adafruit_gfx.o(i.writeCommand)
    writeData                                0x000014f5   Thumb Code    32  adafruit_gfx.o(i.writeData)
    Region$$Table$$Base                      0x00001d5c   Number         0  anon$$obj.o(Region$$Table)
    Region$$Table$$Limit                     0x00001d7c   Number         0  anon$$obj.o(Region$$Table)
    started                                  0x20000000   Data           1  hello.o(.data)
    currPress                                0x20000001   Data           1  hello.o(.data)
    currChar                                 0x20000002   Data           1  hello.o(.data)
    drawX                                    0x20000004   Data           2  hello.o(.data)
    drawY                                    0x20000006   Data           2  hello.o(.data)
    edgeI                                    0x20000008   Data           4  hello.o(.data)
    setInd                                   0x2000000c   Data           4  hello.o(.data)
    textsize                                 0x20000018   Data           1  adafruit_gfx.o(.data)
    rotation                                 0x20000019   Data           1  adafruit_gfx.o(.data)
    wrap                                     0x2000001a   Data           1  adafruit_gfx.o(.data)
    _width                                   0x2000001c   Data           2  adafruit_gfx.o(.data)
    _height                                  0x2000001e   Data           2  adafruit_gfx.o(.data)
    cursor_x                                 0x20000020   Data           2  adafruit_gfx.o(.data)
    cursor_y                                 0x20000022   Data           2  adafruit_gfx.o(.data)
    textcolor                                0x20000024   Data           2  adafruit_gfx.o(.data)
    textbgcolor                              0x20000026   Data           2  adafruit_gfx.o(.data)
    edgeTimes                                0x20000028   Data         800  hello.o(.bss)
    __initial_sp                             0x20000548   Data           0  startup_rvmdk.o(STACK)



==============================================================================

Memory Map of the image

  Image Entry point : 0x0000026d

  Load Region LR_IROM (Base: 0x00000000, Size: 0x00001da4, Max: 0x00040000, ABSOLUTE)

    Execution Region ER_IROM (Base: 0x00000000, Size: 0x00001d7c, Max: 0x00040000, ABSOLUTE)

    Base Addr    Size         Type   Attr      Idx    E Section Name        Object

    0x00000000   0x00000288   Code   RO          131  * RESET               startup_rvmdk.o
    0x00000288   0x00000000   Code   RO         1512  * .ARM.Collect$$$$00000000  mc_w.l(entry.o)
    0x00000288   0x00000004   Code   RO         1523    .ARM.Collect$$$$00000001  mc_w.l(entry2.o)
    0x0000028c   0x00000004   Code   RO         1526    .ARM.Collect$$$$00000004  mc_w.l(entry5.o)
    0x00000290   0x00000000   Code   RO         1528    .ARM.Collect$$$$00000008  mc_w.l(entry7b.o)
    0x00000290   0x00000000   Code   RO         1530    .ARM.Collect$$$$0000000A  mc_w.l(entry8b.o)
    0x00000290   0x00000008   Code   RO         1531    .ARM.Collect$$$$0000000B  mc_w.l(entry9a.o)
    0x00000298   0x00000000   Code   RO         1533    .ARM.Collect$$$$0000000D  mc_w.l(entry10a.o)
    0x00000298   0x00000000   Code   RO         1535    .ARM.Collect$$$$0000000F  mc_w.l(entry11a.o)
    0x00000298   0x00000004   Code   RO         1524    .ARM.Collect$$$$00002712  mc_w.l(entry2.o)
    0x0000029c   0x0000000e   Code   RO         1515    .text               mc_w.l(strlen.o)
    0x000002aa   0x000000e4   Code   RO         1517    .text               mf_w.l(dmul.o)
    0x0000038e   0x0000001a   Code   RO         1519    .text               mf_w.l(dfltui.o)
    0x000003a8   0x00000032   Code   RO         1521    .text               mf_w.l(dfixui.o)
    0x000003da   0x00000020   Code   RO         1537    .text               mc_w.l(llushr.o)
    0x000003fa   0x00000000   Code   RO         1539    .text               mc_w.l(iusefp.o)
    0x000003fa   0x0000003c   Code   RO         1540    .text               mf_w.l(frnd.o)
    0x00000436   0x000000ba   Code   RO         1542    .text               mf_w.l(depilogue.o)
    0x000004f0   0x00000024   Code   RO         1544    .text               mc_w.l(init.o)
    0x00000514   0x0000001e   Code   RO         1546    .text               mc_w.l(llshl.o)
    0x00000532   0x0000006e   Code   RO         1548    .text               mf_w.l(fepilogue.o)
    0x000005a0   0x00000070   Code   RO            1    i.ConfigureSSI      hello.o
    0x00000610   0x0000005c   Code   RO            2    i.ConfigureUART     hello.o
    0x0000066c   0x00000044   Code   RO            3    i.Edge_Handler      hello.o
    0x000006b0   0x00000006   Code   RO          441    i.GPIOIntClear      driverlib.lib(gpio.o)
    0x000006b6   0x0000000e   Code   RO          442    i.GPIOIntDisable    driverlib.lib(gpio.o)
    0x000006c4   0x0000000e   Code   RO          443    i.GPIOIntEnable     driverlib.lib(gpio.o)
    0x000006d2   0x00000002   PAD
    0x000006d4   0x00000048   Code   RO          451    i.GPIOPinConfigure  driverlib.lib(gpio.o)
    0x0000071c   0x00000008   Code   RO          719    i.SSIBusy           driverlib.lib(ssi.o)
    0x00000724   0x0000000c   Code   RO          727    i.SSIDataPut        driverlib.lib(ssi.o)
    0x00000730   0x0000010c   Code   RO          844    i.SysCtlClockGet    driverlib.lib(sysctl.o)
    0x0000083c   0x00000002   Code   RO            4    i.SysTick_Handler   hello.o
    0x0000083e   0x00000006   Code   RO         1111    i.UARTClockSourceSet  driverlib.lib(uart.o)
    0x00000844   0x0000005c   Code   RO          136    i.UARTStdioConfig   uartstdio.o
    0x000008a0   0x00000012   Code   RO          139    i.UARTprintf        uartstdio.o
    0x000008b2   0x00000002   PAD
    0x000008b4   0x000001b4   Code   RO          140    i.UARTvprintf       uartstdio.o
    0x00000a68   0x0000003c   Code   RO          141    i.UARTwrite         uartstdio.o
    0x00000aa4   0x0000009a   Code   RO         1508    i.__hardfp_roundf   m_wm.l(roundf.o)
    0x00000b3e   0x0000000e   Code   RO         1552    i.__scatterload_copy  mc_w.l(handlers.o)
    0x00000b4c   0x00000002   Code   RO         1553    i.__scatterload_null  mc_w.l(handlers.o)
    0x00000b4e   0x0000000e   Code   RO         1554    i.__scatterload_zeroinit  mc_w.l(handlers.o)
    0x00000b5c   0x00000168   Code   RO          192    i.begin             adafruit_gfx.o
    0x00000cc4   0x000000c4   Code   RO          193    i.drawChar          adafruit_gfx.o
    0x00000d88   0x00000054   Code   RO          199    i.drawPixel         adafruit_gfx.o
    0x00000ddc   0x00000050   Code   RO          205    i.fillRect          adafruit_gfx.o
    0x00000e2c   0x00000012   Code   RO          207    i.fillScreen        adafruit_gfx.o
    0x00000e3e   0x0000003e   Code   RO          210    i.goTo              adafruit_gfx.o
    0x00000e7c   0x00000010   Code   RO          212    i.initHW            adafruit_gfx.o
    0x00000e8c   0x00000072   Code   RO            5    i.lcdTestPattern    hello.o
    0x00000efe   0x00000002   PAD
    0x00000f00   0x0000043c   Code   RO            6    i.main              hello.o
    0x0000133c   0x00000086   Code   RO          216    i.rawFillRect       adafruit_gfx.o
    0x000013c2   0x00000002   PAD
    0x000013c4   0x0000000c   Code   RO          217    i.setCursor         adafruit_gfx.o
    0x000013d0   0x0000000c   Code   RO          219    i.setTextColor      adafruit_gfx.o
    0x000013dc   0x00000010   Code   RO          220    i.setTextSize       adafruit_gfx.o
    0x000013ec   0x0000000c   Code   RO          221    i.setTextWrap       adafruit_gfx.o
    0x000013f8   0x00000060   Code   RO            7    i.testdrawtext      hello.o
    0x00001458   0x00000060   Code   RO          224    i.writeChar         adafruit_gfx.o
    0x000014b8   0x0000003c   Code   RO          225    i.writeCommand      adafruit_gfx.o
    0x000014f4   0x00000028   Code   RO          226    i.writeData         adafruit_gfx.o
    0x0000151c   0x0000001c   Data   RO          142    .constdata          uartstdio.o
    0x00001538   0x000004fb   Data   RO          227    .constdata          adafruit_gfx.o
    0x00001a33   0x00000001   PAD
    0x00001a34   0x00000138   Data   RO          476    .constdata          driverlib.lib(gpio.o)
    0x00001b6c   0x0000006c   Data   RO          880    .constdata          driverlib.lib(sysctl.o)
    0x00001bd8   0x0000016e   Data   RO            9    .conststring        hello.o
    0x00001d46   0x00000002   PAD
    0x00001d48   0x00000011   Data   RO          143    .conststring        uartstdio.o
    0x00001d59   0x00000003   PAD
    0x00001d5c   0x00000020   Data   RO         1550    Region$$Table       anon$$obj.o


    Execution Region RW_IRAM (Base: 0x20000000, Size: 0x00000548, Max: 0x00008000, ABSOLUTE)

    Base Addr    Size         Type   Attr      Idx    E Section Name        Object

    0x20000000   0x00000010   Data   RW           10    .data               hello.o
    0x20000010   0x00000008   Data   RW          144    .data               uartstdio.o
    0x20000018   0x00000010   Data   RW          235    .data               adafruit_gfx.o
    0x20000028   0x00000320   Zero   RW            8    .bss                hello.o
    0x20000348   0x00000200   Zero   RW          129    STACK               startup_rvmdk.o


==============================================================================

Image component sizes


      Code (inc. data)   RO Data    RW Data    ZI Data      Debug   Object Name

      1198         70       1275         16          0      10129   adafruit_gfx.o
      1568        228        366         16        800      11593   hello.o
       648        622          0          0        512        276   startup_rvmdk.o
       606         30         45          8          0       4480   uartstdio.o

    ----------------------------------------------------------------------
      4026        950       1724         40       1312      26478   Object Totals
         0          0         32          0          0          0   (incl. Generated)
         6          0          6          0          0          0   (incl. Padding)

    ----------------------------------------------------------------------

      Code (inc. data)   RO Data    RW Data    ZI Data      Debug   Library Member Name

       106          8        312          0          0       5331   gpio.o
        20          0          0          0          0        835   ssi.o
       268         18        108          0          0       1972   sysctl.o
         6          0          0          0          0        433   uart.o
       154          0          0          0          0        140   roundf.o
         0          0          0          0          0          0   entry.o
         0          0          0          0          0          0   entry10a.o
         0          0          0          0          0          0   entry11a.o
         8          4          0          0          0          0   entry2.o
         4          0          0          0          0          0   entry5.o
         0          0          0          0          0          0   entry7b.o
         0          0          0          0          0          0   entry8b.o
         8          4          0          0          0          0   entry9a.o
        30          0          0          0          0          0   handlers.o
        36          8          0          0          0         68   init.o
         0          0          0          0          0          0   iusefp.o
        30          0          0          0          0         68   llshl.o
        32          0          0          0          0         68   llushr.o
        14          0          0          0          0         68   strlen.o
       186          0          0          0          0        176   depilogue.o
        50          0          0          0          0         76   dfixui.o
        26          0          0          0          0         76   dfltui.o
       228          0          0          0          0         96   dmul.o
       110          0          0          0          0        168   fepilogue.o
        60          0          0          0          0         76   frnd.o

    ----------------------------------------------------------------------
      1378         42        420          0          0       9651   Library Totals
         2          0          0          0          0          0   (incl. Padding)

    ----------------------------------------------------------------------

      Code (inc. data)   RO Data    RW Data    ZI Data      Debug   Library Name

       400         26        420          0          0       8571   driverlib.lib
       154          0          0          0          0        140   m_wm.l
       162         16          0          0          0        272   mc_w.l
       660          0          0          0          0        668   mf_w.l

    ----------------------------------------------------------------------
      1378         42        420          0          0       9651   Library Totals

    ----------------------------------------------------------------------

==============================================================================


      Code (inc. data)   RO Data    RW Data    ZI Data      Debug   

      5404        992       2144         40       1312      33069   Grand Totals
      5404        992       2144         40       1312      33069   ELF Image Totals
      5404        992       2144         40          0          0   ROM Totals

==============================================================================

    Total RO  Size (Code + RO Data)                 7548 (   7.37kB)
    Total RW  Size (RW Data + ZI Data)              1352 (   1.32kB)
    Total ROM Size (Code + RO Data + RW Data)       7588 (   7.41kB)

==============================================================================

