Component: ARM Compiler 5.05 update 1 (build 106) Tool: armlink [4d0efa]

==============================================================================

Section Cross References

    hello.o(i.ConfigureSSI) refers to gpio.o(i.GPIOPinConfigure) for GPIOPinConfigure
    hello.o(i.ConfigureSSI) refers to sysctl.o(i.SysCtlClockGet) for SysCtlClockGet
    hello.o(i.Edge_Handler) refers to gpio.o(i.GPIOIntClear) for GPIOIntClear
    hello.o(i.Edge_Handler) refers to hello.o(.data) for .data
    hello.o(i.Edge_Handler) refers to hello.o(.bss) for .bss
    hello.o(i.InitConsole) refers to gpio.o(i.GPIOPinTypeUART) for GPIOPinTypeUART
    hello.o(i.InitConsole) refers to uart.o(i.UARTClockSourceSet) for UARTClockSourceSet
    hello.o(i.InitConsole) refers to uartstdio.o(i.UARTStdioConfig) for UARTStdioConfig
    hello.o(i.fillpixelbypixel) refers to adafruit_gfx.o(i.drawPixel) for drawPixel
    hello.o(i.fillpixelbypixel) refers to adafruit_gfx.o(i.height) for height
    hello.o(i.fillpixelbypixel) refers to adafruit_gfx.o(i.width) for width
    hello.o(i.fillpixelbypixel) refers to sysctl.o(i.SysCtlClockGet) for SysCtlClockGet
    hello.o(i.lcdTestPattern) refers to adafruit_gfx.o(i.goTo) for goTo
    hello.o(i.lcdTestPattern) refers to adafruit_gfx.o(i.writeData) for writeData
    hello.o(i.lcdTestPatternR) refers to adafruit_gfx.o(i.goTo) for goTo
    hello.o(i.lcdTestPatternR) refers to adafruit_gfx.o(i.writeData) for writeData
    hello.o(i.main) refers to gpio.o(i.GPIOIntEnable) for GPIOIntEnable
    hello.o(i.main) refers to hello.o(i.InitConsole) for InitConsole
    hello.o(i.main) refers to hello.o(i.ConfigureSSI) for ConfigureSSI
    hello.o(i.main) refers to adafruit_gfx.o(i.begin) for begin
    hello.o(i.main) refers to uartstdio.o(i.UARTprintf) for UARTprintf
    hello.o(i.main) refers to hello.o(i.lcdTestPattern) for lcdTestPattern
    hello.o(i.main) refers to sysctl.o(i.SysCtlClockGet) for SysCtlClockGet
    hello.o(i.main) refers to adafruit_gfx.o(i.initHW) for initHW
    hello.o(i.main) refers to adafruit_gfx.o(i.setTextSize) for setTextSize
    hello.o(i.main) refers to adafruit_gfx.o(i.fillScreen) for fillScreen
    hello.o(i.main) refers to gpio.o(i.GPIOIntDisable) for GPIOIntDisable
    hello.o(i.main) refers to roundf.o(i.__hardfp_roundf) for __hardfp_roundf
    hello.o(i.main) refers to adafruit_gfx.o(i.writeChar1) for writeChar1
    hello.o(i.main) refers to adafruit_gfx.o(i.setCursor) for setCursor
    hello.o(i.main) refers to dfltui.o(.text) for __aeabi_ui2d
    hello.o(i.main) refers to dmul.o(.text) for __aeabi_dmul
    hello.o(i.main) refers to dfixui.o(.text) for __aeabi_d2uiz
    hello.o(i.main) refers to hello.o(.data) for .data
    hello.o(i.main) refers to hello.o(.bss) for .bss
    hello.o(i.mediabuttons) refers to adafruit_gfx.o(i.fillScreen) for fillScreen
    hello.o(i.mediabuttons) refers to adafruit_gfx.o(i.fillRoundRect) for fillRoundRect
    hello.o(i.mediabuttons) refers to adafruit_gfx.o(i.fillTriangle) for fillTriangle
    hello.o(i.mediabuttons) refers to sysctl.o(i.SysCtlClockGet) for SysCtlClockGet
    hello.o(i.setup) refers to uartstdio.o(i.UARTprintf) for UARTprintf
    hello.o(i.setup) refers to adafruit_gfx.o(i.begin) for begin
    hello.o(i.setup) refers to adafruit_gfx.o(i.fillRect) for fillRect
    hello.o(i.setup) refers to sysctl.o(i.SysCtlClockGet) for SysCtlClockGet
    hello.o(i.setup) refers to hello.o(i.lcdTestPattern) for lcdTestPattern
    hello.o(i.setup) refers to hello.o(i.lcdTestPatternR) for lcdTestPatternR
    hello.o(i.setup) refers to adafruit_gfx.o(i.invert) for invert
    hello.o(i.setup) refers to adafruit_gfx.o(i.initHW) for initHW
    hello.o(i.setup) refers to adafruit_gfx.o(i.setTextSize) for setTextSize
    hello.o(i.setup) refers to adafruit_gfx.o(i.fillScreen) for fillScreen
    hello.o(i.setup) refers to hello.o(i.testdrawtext) for testdrawtext
    hello.o(i.setup) refers to adafruit_gfx.o(i.setCursor) for setCursor
    hello.o(i.setup) refers to hello.o(i.tftPrintTest) for tftPrintTest
    hello.o(i.setup) refers to adafruit_gfx.o(i.height) for height
    hello.o(i.setup) refers to adafruit_gfx.o(i.width) for width
    hello.o(i.setup) refers to adafruit_gfx.o(i.drawPixel) for drawPixel
    hello.o(i.setup) refers to hello.o(i.testlines) for testlines
    hello.o(i.setup) refers to hello.o(i.testfastlines) for testfastlines
    hello.o(i.setup) refers to hello.o(i.testdrawrects) for testdrawrects
    hello.o(i.setup) refers to hello.o(i.testfillrects) for testfillrects
    hello.o(i.setup) refers to hello.o(i.testfillcircles) for testfillcircles
    hello.o(i.setup) refers to hello.o(i.testdrawcircles) for testdrawcircles
    hello.o(i.setup) refers to hello.o(i.testroundrects) for testroundrects
    hello.o(i.setup) refers to hello.o(i.testtriangles) for testtriangles
    hello.o(i.setup) refers to hello.o(.conststring) for .conststring
    hello.o(i.testdrawcircles) refers to adafruit_gfx.o(i.drawCircle) for drawCircle
    hello.o(i.testdrawcircles) refers to adafruit_gfx.o(i.height) for height
    hello.o(i.testdrawcircles) refers to adafruit_gfx.o(i.width) for width
    hello.o(i.testdrawrects) refers to adafruit_gfx.o(i.fillScreen) for fillScreen
    hello.o(i.testdrawrects) refers to adafruit_gfx.o(i.height) for height
    hello.o(i.testdrawrects) refers to adafruit_gfx.o(i.width) for width
    hello.o(i.testdrawrects) refers to adafruit_gfx.o(i.drawRect) for drawRect
    hello.o(i.testdrawtext) refers to adafruit_gfx.o(i.setCursor) for setCursor
    hello.o(i.testdrawtext) refers to adafruit_gfx.o(i.setTextColor) for setTextColor
    hello.o(i.testdrawtext) refers to uartstdio.o(i.UARTprintf) for UARTprintf
    hello.o(i.testdrawtext) refers to adafruit_gfx.o(i.setTextWrap) for setTextWrap
    hello.o(i.testdrawtext) refers to adafruit_gfx.o(i.fillScreen) for fillScreen
    hello.o(i.testdrawtext) refers to adafruit_gfx.o(i.writeChar) for writeChar
    hello.o(i.testdrawtext) refers to strlen.o(.text) for strlen
    hello.o(i.testfastlines) refers to adafruit_gfx.o(i.fillScreen) for fillScreen
    hello.o(i.testfastlines) refers to adafruit_gfx.o(i.width) for width
    hello.o(i.testfastlines) refers to adafruit_gfx.o(i.drawFastHLine) for drawFastHLine
    hello.o(i.testfastlines) refers to adafruit_gfx.o(i.height) for height
    hello.o(i.testfastlines) refers to adafruit_gfx.o(i.drawFastVLine) for drawFastVLine
    hello.o(i.testfillcircles) refers to adafruit_gfx.o(i.fillCircle) for fillCircle
    hello.o(i.testfillcircles) refers to adafruit_gfx.o(i.height) for height
    hello.o(i.testfillcircles) refers to adafruit_gfx.o(i.width) for width
    hello.o(i.testfillrects) refers to adafruit_gfx.o(i.fillScreen) for fillScreen
    hello.o(i.testfillrects) refers to adafruit_gfx.o(i.height) for height
    hello.o(i.testfillrects) refers to adafruit_gfx.o(i.width) for width
    hello.o(i.testfillrects) refers to adafruit_gfx.o(i.fillRect) for fillRect
    hello.o(i.testfillrects) refers to adafruit_gfx.o(i.drawRect) for drawRect
    hello.o(i.testlines) refers to adafruit_gfx.o(i.fillScreen) for fillScreen
    hello.o(i.testlines) refers to adafruit_gfx.o(i.height) for height
    hello.o(i.testlines) refers to adafruit_gfx.o(i.drawLine) for drawLine
    hello.o(i.testlines) refers to adafruit_gfx.o(i.width) for width
    hello.o(i.testroundrects) refers to adafruit_gfx.o(i.fillScreen) for fillScreen
    hello.o(i.testroundrects) refers to adafruit_gfx.o(i.width) for width
    hello.o(i.testroundrects) refers to adafruit_gfx.o(i.height) for height
    hello.o(i.testroundrects) refers to adafruit_gfx.o(i.drawRoundRect) for drawRoundRect
    hello.o(i.testroundrects) refers to uartstdio.o(i.UARTprintf) for UARTprintf
    hello.o(i.testtriangles) refers to adafruit_gfx.o(i.fillScreen) for fillScreen
    hello.o(i.testtriangles) refers to adafruit_gfx.o(i.width) for width
    hello.o(i.testtriangles) refers to adafruit_gfx.o(i.height) for height
    hello.o(i.testtriangles) refers to adafruit_gfx.o(i.drawTriangle) for drawTriangle
    hello.o(i.tftPrintTest) refers to adafruit_gfx.o(i.fillScreen) for fillScreen
    hello.o(i.tftPrintTest) refers to adafruit_gfx.o(i.setTextWrap) for setTextWrap
    hello.o(i.tftPrintTest) refers to adafruit_gfx.o(i.setCursor) for setCursor
    hello.o(i.tftPrintTest) refers to adafruit_gfx.o(i.writeChar) for writeChar
    hello.o(i.tftPrintTest) refers to adafruit_gfx.o(i.setTextSize) for setTextSize
    hello.o(i.tftPrintTest) refers to hello.o(i.testdrawtext) for testdrawtext
    hello.o(i.tftPrintTest) refers to hello.o(.constdata) for .constdata
    startup_rvmdk.o(RESET) refers to startup_rvmdk.o(STACK) for StackMem
    startup_rvmdk.o(RESET) refers to hello.o(i.SysTick_Handler) for SysTick_Handler
    startup_rvmdk.o(RESET) refers to hello.o(i.Edge_Handler) for Edge_Handler
    startup_rvmdk.o(RESET) refers to entry.o(.ARM.Collect$$$$00000000) for __main
    uartstdio.o(i.UARTStdioConfig) refers to uartstdio.o(.constdata) for .constdata
    uartstdio.o(i.UARTStdioConfig) refers to uartstdio.o(.data) for .data
    uartstdio.o(i.UARTgetc) refers to uartstdio.o(.data) for .data
    uartstdio.o(i.UARTgets) refers to uartstdio.o(i.UARTwrite) for UARTwrite
    uartstdio.o(i.UARTgets) refers to uartstdio.o(.data) for .data
    uartstdio.o(i.UARTprintf) refers to uartstdio.o(i.UARTvprintf) for UARTvprintf
    uartstdio.o(i.UARTvprintf) refers to uartstdio.o(i.UARTwrite) for UARTwrite
    uartstdio.o(i.UARTvprintf) refers to uartstdio.o(.constdata) for .constdata
    uartstdio.o(i.UARTwrite) refers to uartstdio.o(.data) for .data
    uartstdio.o(.constdata) refers to uartstdio.o(.conststring) for .conststring
    adafruit_gfx.o(i.begin) refers to sysctl.o(i.SysCtlClockGet) for SysCtlClockGet
    adafruit_gfx.o(i.begin) refers to adafruit_gfx.o(i.writeCommand) for writeCommand
    adafruit_gfx.o(i.begin) refers to adafruit_gfx.o(i.writeData) for writeData
    adafruit_gfx.o(i.drawChar) refers to adafruit_gfx.o(i.fillRect) for fillRect
    adafruit_gfx.o(i.drawChar) refers to adafruit_gfx.o(i.drawPixel) for drawPixel
    adafruit_gfx.o(i.drawChar) refers to adafruit_gfx.o(.data) for .data
    adafruit_gfx.o(i.drawChar) refers to adafruit_gfx.o(.constdata) for .constdata
    adafruit_gfx.o(i.drawCircle) refers to adafruit_gfx.o(i.drawPixel) for drawPixel
    adafruit_gfx.o(i.drawCircleHelper) refers to adafruit_gfx.o(i.drawPixel) for drawPixel
    adafruit_gfx.o(i.drawFastHLine) refers to adafruit_gfx.o(i.rawFastVLine) for rawFastVLine
    adafruit_gfx.o(i.drawFastHLine) refers to adafruit_gfx.o(i.rawFastHLine) for rawFastHLine
    adafruit_gfx.o(i.drawFastHLine) refers to adafruit_gfx.o(.data) for .data
    adafruit_gfx.o(i.drawFastVLine) refers to adafruit_gfx.o(i.rawFastHLine) for rawFastHLine
    adafruit_gfx.o(i.drawFastVLine) refers to adafruit_gfx.o(i.rawFastVLine) for rawFastVLine
    adafruit_gfx.o(i.drawFastVLine) refers to adafruit_gfx.o(.data) for .data
    adafruit_gfx.o(i.drawLine) refers to adafruit_gfx.o(i.drawPixel) for drawPixel
    adafruit_gfx.o(i.drawPixel) refers to adafruit_gfx.o(i.goTo) for goTo
    adafruit_gfx.o(i.drawPixel) refers to adafruit_gfx.o(i.writeData) for writeData
    adafruit_gfx.o(i.drawPixel) refers to adafruit_gfx.o(.data) for .data
    adafruit_gfx.o(i.drawRect) refers to adafruit_gfx.o(i.drawFastHLine) for drawFastHLine
    adafruit_gfx.o(i.drawRect) refers to adafruit_gfx.o(i.drawFastVLine) for drawFastVLine
    adafruit_gfx.o(i.drawRoundRect) refers to adafruit_gfx.o(i.drawFastHLine) for drawFastHLine
    adafruit_gfx.o(i.drawRoundRect) refers to adafruit_gfx.o(i.drawFastVLine) for drawFastVLine
    adafruit_gfx.o(i.drawRoundRect) refers to adafruit_gfx.o(i.drawCircleHelper) for drawCircleHelper
    adafruit_gfx.o(i.drawTriangle) refers to adafruit_gfx.o(i.drawLine) for drawLine
    adafruit_gfx.o(i.fillCircle) refers to adafruit_gfx.o(i.drawFastVLine) for drawFastVLine
    adafruit_gfx.o(i.fillCircle) refers to adafruit_gfx.o(i.fillCircleHelper) for fillCircleHelper
    adafruit_gfx.o(i.fillCircleHelper) refers to adafruit_gfx.o(i.drawFastVLine) for drawFastVLine
    adafruit_gfx.o(i.fillRect) refers to adafruit_gfx.o(i.rawFillRect) for rawFillRect
    adafruit_gfx.o(i.fillRect) refers to adafruit_gfx.o(.data) for .data
    adafruit_gfx.o(i.fillRoundRect) refers to adafruit_gfx.o(i.fillRect) for fillRect
    adafruit_gfx.o(i.fillRoundRect) refers to adafruit_gfx.o(i.fillCircleHelper) for fillCircleHelper
    adafruit_gfx.o(i.fillScreen) refers to adafruit_gfx.o(i.fillRect) for fillRect
    adafruit_gfx.o(i.fillTriangle) refers to adafruit_gfx.o(i.drawFastHLine) for drawFastHLine
    adafruit_gfx.o(i.getRotation) refers to adafruit_gfx.o(.data) for .data
    adafruit_gfx.o(i.goTo) refers to adafruit_gfx.o(i.writeCommand) for writeCommand
    adafruit_gfx.o(i.goTo) refers to adafruit_gfx.o(i.writeData) for writeData
    adafruit_gfx.o(i.height) refers to adafruit_gfx.o(.data) for .data
    adafruit_gfx.o(i.initHW) refers to adafruit_gfx.o(.data) for .data
    adafruit_gfx.o(i.invert) refers to adafruit_gfx.o(i.writeCommand) for writeCommand
    adafruit_gfx.o(i.rawFastHLine) refers to adafruit_gfx.o(i.writeCommand) for writeCommand
    adafruit_gfx.o(i.rawFastHLine) refers to adafruit_gfx.o(i.writeData) for writeData
    adafruit_gfx.o(i.rawFastVLine) refers to adafruit_gfx.o(i.writeCommand) for writeCommand
    adafruit_gfx.o(i.rawFastVLine) refers to adafruit_gfx.o(i.writeData) for writeData
    adafruit_gfx.o(i.rawFillRect) refers to adafruit_gfx.o(i.writeCommand) for writeCommand
    adafruit_gfx.o(i.rawFillRect) refers to adafruit_gfx.o(i.writeData) for writeData
    adafruit_gfx.o(i.setCursor) refers to adafruit_gfx.o(.data) for .data
    adafruit_gfx.o(i.setRotation) refers to adafruit_gfx.o(.data) for .data
    adafruit_gfx.o(i.setTextColor) refers to adafruit_gfx.o(.data) for .data
    adafruit_gfx.o(i.setTextSize) refers to adafruit_gfx.o(.data) for .data
    adafruit_gfx.o(i.setTextWrap) refers to adafruit_gfx.o(.data) for .data
    adafruit_gfx.o(i.width) refers to adafruit_gfx.o(.data) for .data
    adafruit_gfx.o(i.writeChar) refers to adafruit_gfx.o(i.drawChar) for drawChar
    adafruit_gfx.o(i.writeChar) refers to adafruit_gfx.o(.data) for .data
    adafruit_gfx.o(i.writeChar1) refers to adafruit_gfx.o(i.drawChar) for drawChar
    adafruit_gfx.o(i.writeChar1) refers to adafruit_gfx.o(.data) for .data
    adafruit_gfx.o(i.writeCommand) refers to ssi.o(i.SSIBusy) for SSIBusy
    adafruit_gfx.o(i.writeCommand) refers to ssi.o(i.SSIDataPut) for SSIDataPut
    adafruit_gfx.o(i.writeData) refers to ssi.o(i.SSIDataPut) for SSIDataPut
    gpio.o(i.GPIOIntRegister) refers to interrupt.o(i.IntRegister) for IntRegister
    gpio.o(i.GPIOIntRegister) refers to interrupt.o(i.IntEnable) for IntEnable
    gpio.o(i.GPIOIntRegister) refers to gpio.o(.constdata) for .constdata
    gpio.o(i.GPIOIntUnregister) refers to interrupt.o(i.IntDisable) for IntDisable
    gpio.o(i.GPIOIntUnregister) refers to interrupt.o(i.IntUnregister) for IntUnregister
    gpio.o(i.GPIOIntUnregister) refers to gpio.o(.constdata) for .constdata
    gpio.o(i.GPIOPinConfigure) refers to gpio.o(.constdata) for .constdata
    gpio.o(i.GPIOPinTypeADC) refers to gpio.o(i.GPIODirModeSet) for GPIODirModeSet
    gpio.o(i.GPIOPinTypeADC) refers to gpio.o(i.GPIOPadConfigSet) for GPIOPadConfigSet
    gpio.o(i.GPIOPinTypeCAN) refers to gpio.o(i.GPIODirModeSet) for GPIODirModeSet
    gpio.o(i.GPIOPinTypeCAN) refers to gpio.o(i.GPIOPadConfigSet) for GPIOPadConfigSet
    gpio.o(i.GPIOPinTypeComparator) refers to gpio.o(i.GPIODirModeSet) for GPIODirModeSet
    gpio.o(i.GPIOPinTypeComparator) refers to gpio.o(i.GPIOPadConfigSet) for GPIOPadConfigSet
    gpio.o(i.GPIOPinTypeEPI) refers to gpio.o(i.GPIODirModeSet) for GPIODirModeSet
    gpio.o(i.GPIOPinTypeEPI) refers to gpio.o(i.GPIOPadConfigSet) for GPIOPadConfigSet
    gpio.o(i.GPIOPinTypeEthernetLED) refers to gpio.o(i.GPIODirModeSet) for GPIODirModeSet
    gpio.o(i.GPIOPinTypeEthernetLED) refers to gpio.o(i.GPIOPadConfigSet) for GPIOPadConfigSet
    gpio.o(i.GPIOPinTypeEthernetMII) refers to gpio.o(i.GPIODirModeSet) for GPIODirModeSet
    gpio.o(i.GPIOPinTypeEthernetMII) refers to gpio.o(i.GPIOPadConfigSet) for GPIOPadConfigSet
    gpio.o(i.GPIOPinTypeFan) refers to gpio.o(i.GPIODirModeSet) for GPIODirModeSet
    gpio.o(i.GPIOPinTypeFan) refers to gpio.o(i.GPIOPadConfigSet) for GPIOPadConfigSet
    gpio.o(i.GPIOPinTypeGPIOInput) refers to gpio.o(i.GPIODirModeSet) for GPIODirModeSet
    gpio.o(i.GPIOPinTypeGPIOInput) refers to gpio.o(i.GPIOPadConfigSet) for GPIOPadConfigSet
    gpio.o(i.GPIOPinTypeGPIOOutput) refers to gpio.o(i.GPIOPadConfigSet) for GPIOPadConfigSet
    gpio.o(i.GPIOPinTypeGPIOOutput) refers to gpio.o(i.GPIODirModeSet) for GPIODirModeSet
    gpio.o(i.GPIOPinTypeGPIOOutputOD) refers to gpio.o(i.GPIOPadConfigSet) for GPIOPadConfigSet
    gpio.o(i.GPIOPinTypeGPIOOutputOD) refers to gpio.o(i.GPIODirModeSet) for GPIODirModeSet
    gpio.o(i.GPIOPinTypeI2C) refers to gpio.o(i.GPIODirModeSet) for GPIODirModeSet
    gpio.o(i.GPIOPinTypeI2C) refers to gpio.o(i.GPIOPadConfigSet) for GPIOPadConfigSet
    gpio.o(i.GPIOPinTypeI2CSCL) refers to gpio.o(i.GPIODirModeSet) for GPIODirModeSet
    gpio.o(i.GPIOPinTypeI2CSCL) refers to gpio.o(i.GPIOPadConfigSet) for GPIOPadConfigSet
    gpio.o(i.GPIOPinTypeLPC) refers to gpio.o(i.GPIODirModeSet) for GPIODirModeSet
    gpio.o(i.GPIOPinTypeLPC) refers to gpio.o(i.GPIOPadConfigSet) for GPIOPadConfigSet
    gpio.o(i.GPIOPinTypePECIRx) refers to gpio.o(i.GPIODirModeSet) for GPIODirModeSet
    gpio.o(i.GPIOPinTypePECIRx) refers to gpio.o(i.GPIOPadConfigSet) for GPIOPadConfigSet
    gpio.o(i.GPIOPinTypePECITx) refers to gpio.o(i.GPIODirModeSet) for GPIODirModeSet
    gpio.o(i.GPIOPinTypePECITx) refers to gpio.o(i.GPIOPadConfigSet) for GPIOPadConfigSet
    gpio.o(i.GPIOPinTypePWM) refers to gpio.o(i.GPIODirModeSet) for GPIODirModeSet
    gpio.o(i.GPIOPinTypePWM) refers to gpio.o(i.GPIOPadConfigSet) for GPIOPadConfigSet
    gpio.o(i.GPIOPinTypeQEI) refers to gpio.o(i.GPIODirModeSet) for GPIODirModeSet
    gpio.o(i.GPIOPinTypeQEI) refers to gpio.o(i.GPIOPadConfigSet) for GPIOPadConfigSet
    gpio.o(i.GPIOPinTypeSSI) refers to gpio.o(i.GPIODirModeSet) for GPIODirModeSet
    gpio.o(i.GPIOPinTypeSSI) refers to gpio.o(i.GPIOPadConfigSet) for GPIOPadConfigSet
    gpio.o(i.GPIOPinTypeTimer) refers to gpio.o(i.GPIODirModeSet) for GPIODirModeSet
    gpio.o(i.GPIOPinTypeTimer) refers to gpio.o(i.GPIOPadConfigSet) for GPIOPadConfigSet
    gpio.o(i.GPIOPinTypeUART) refers to gpio.o(i.GPIODirModeSet) for GPIODirModeSet
    gpio.o(i.GPIOPinTypeUART) refers to gpio.o(i.GPIOPadConfigSet) for GPIOPadConfigSet
    gpio.o(i.GPIOPinTypeUSBAnalog) refers to gpio.o(i.GPIODirModeSet) for GPIODirModeSet
    gpio.o(i.GPIOPinTypeUSBAnalog) refers to gpio.o(i.GPIOPadConfigSet) for GPIOPadConfigSet
    gpio.o(i.GPIOPinTypeUSBDigital) refers to gpio.o(i.GPIODirModeSet) for GPIODirModeSet
    gpio.o(i.GPIOPinTypeUSBDigital) refers to gpio.o(i.GPIOPadConfigSet) for GPIOPadConfigSet
    ssi.o(i.SSIIntRegister) refers to interrupt.o(i.IntRegister) for IntRegister
    ssi.o(i.SSIIntRegister) refers to interrupt.o(i.IntEnable) for IntEnable
    ssi.o(i.SSIIntRegister) refers to ssi.o(.constdata) for .constdata
    ssi.o(i.SSIIntUnregister) refers to interrupt.o(i.IntDisable) for IntDisable
    ssi.o(i.SSIIntUnregister) refers to interrupt.o(i.IntUnregister) for IntUnregister
    ssi.o(i.SSIIntUnregister) refers to ssi.o(.constdata) for .constdata
    sysctl.o(i.SysCtlClockGet) refers to sysctl.o(.constdata) for .constdata
    sysctl.o(i.SysCtlClockSet) refers to sysctl.o(.emb_text) for SysCtlDelay
    sysctl.o(i.SysCtlDeepSleep) refers to cpu.o(.emb_text) for CPUwfi
    sysctl.o(i.SysCtlIntRegister) refers to interrupt.o(i.IntRegister) for IntRegister
    sysctl.o(i.SysCtlIntRegister) refers to interrupt.o(i.IntEnable) for IntEnable
    sysctl.o(i.SysCtlIntUnregister) refers to interrupt.o(i.IntDisable) for IntDisable
    sysctl.o(i.SysCtlIntUnregister) refers to interrupt.o(i.IntUnregister) for IntUnregister
    sysctl.o(i.SysCtlSleep) refers to cpu.o(.emb_text) for CPUwfi
    uart.o(i.UARTIntRegister) refers to interrupt.o(i.IntRegister) for IntRegister
    uart.o(i.UARTIntRegister) refers to interrupt.o(i.IntEnable) for IntEnable
    uart.o(i.UARTIntRegister) refers to uart.o(.constdata) for .constdata
    uart.o(i.UARTIntUnregister) refers to interrupt.o(i.IntDisable) for IntDisable
    uart.o(i.UARTIntUnregister) refers to interrupt.o(i.IntUnregister) for IntUnregister
    uart.o(i.UARTIntUnregister) refers to uart.o(.constdata) for .constdata
    interrupt.o(i.IntDisable) refers to interrupt.o(.constdata) for .constdata
    interrupt.o(i.IntEnable) refers to interrupt.o(.constdata) for .constdata
    interrupt.o(i.IntIsEnabled) refers to interrupt.o(.constdata) for .constdata
    interrupt.o(i.IntMasterDisable) refers to cpu.o(.emb_text) for CPUcpsid
    interrupt.o(i.IntMasterEnable) refers to cpu.o(.emb_text) for CPUcpsie
    interrupt.o(i.IntPendClear) refers to interrupt.o(.constdata) for .constdata
    interrupt.o(i.IntPendSet) refers to interrupt.o(.constdata) for .constdata
    interrupt.o(i.IntPriorityGet) refers to interrupt.o(.constdata) for .constdata
    interrupt.o(i.IntPriorityGroupingGet) refers to interrupt.o(.constdata) for .constdata
    interrupt.o(i.IntPriorityGroupingSet) refers to interrupt.o(.constdata) for .constdata
    interrupt.o(i.IntPriorityMaskGet) refers to cpu.o(.emb_text) for CPUbasepriGet
    interrupt.o(i.IntPriorityMaskSet) refers to cpu.o(.emb_text) for CPUbasepriSet
    interrupt.o(i.IntPrioritySet) refers to interrupt.o(.constdata) for .constdata
    interrupt.o(i.IntRegister) refers to interrupt.o(vtable) for vtable
    interrupt.o(i.IntUnregister) refers to interrupt.o(i._IntDefaultHandler) for _IntDefaultHandler
    interrupt.o(i.IntUnregister) refers to interrupt.o(vtable) for vtable
    roundf.o(i.__hardfp_roundf) refers (Special) to iusefp.o(.text) for __I$use$fp
    roundf.o(i.__hardfp_roundf) refers to frnd.o(.text) for _frnd
    roundf.o(i.roundf) refers (Special) to iusefp.o(.text) for __I$use$fp
    roundf.o(i.roundf) refers to roundf.o(i.__hardfp_roundf) for __hardfp_roundf
    entry.o(.ARM.Collect$$$$00000000) refers (Special) to entry10a.o(.ARM.Collect$$$$0000000D) for __rt_final_cpp
    entry.o(.ARM.Collect$$$$00000000) refers (Special) to entry11a.o(.ARM.Collect$$$$0000000F) for __rt_final_exit
    entry.o(.ARM.Collect$$$$00000000) refers (Special) to entry7b.o(.ARM.Collect$$$$00000008) for _main_clock
    entry.o(.ARM.Collect$$$$00000000) refers (Special) to entry8b.o(.ARM.Collect$$$$0000000A) for _main_cpp_init
    entry.o(.ARM.Collect$$$$00000000) refers (Special) to entry9a.o(.ARM.Collect$$$$0000000B) for _main_init
    entry.o(.ARM.Collect$$$$00000000) refers (Special) to entry5.o(.ARM.Collect$$$$00000004) for _main_scatterload
    entry.o(.ARM.Collect$$$$00000000) refers (Special) to entry2.o(.ARM.Collect$$$$00000001) for _main_stk
    dmul.o(.text) refers (Special) to iusefp.o(.text) for __I$use$fp
    dmul.o(.text) refers to depilogue.o(.text) for _double_epilogue
    dfltui.o(.text) refers (Special) to iusefp.o(.text) for __I$use$fp
    dfltui.o(.text) refers to depilogue.o(.text) for _double_epilogue
    dfixui.o(.text) refers (Special) to iusefp.o(.text) for __I$use$fp
    dfixui.o(.text) refers to llushr.o(.text) for __aeabi_llsr
    entry2.o(.ARM.Collect$$$$00000001) refers to entry2.o(.ARM.Collect$$$$00002712) for __lit__00000000
    entry2.o(.ARM.Collect$$$$00002712) refers to startup_rvmdk.o(STACK) for __initial_sp
    entry2.o(__vectab_stack_and_reset_area) refers to startup_rvmdk.o(STACK) for __initial_sp
    entry2.o(__vectab_stack_and_reset_area) refers to entry.o(.ARM.Collect$$$$00000000) for __main
    entry5.o(.ARM.Collect$$$$00000004) refers to init.o(.text) for __scatterload
    entry9a.o(.ARM.Collect$$$$0000000B) refers to hello.o(i.main) for main
    entry9b.o(.ARM.Collect$$$$0000000C) refers to hello.o(i.main) for main
    frnd.o(.text) refers to fepilogue.o(.text) for _float_round
    depilogue.o(.text) refers to llshl.o(.text) for __aeabi_llsl
    depilogue.o(.text) refers to llushr.o(.text) for __aeabi_llsr
    init.o(.text) refers to entry5.o(.ARM.Collect$$$$00000004) for __main_after_scatterload


==============================================================================

Removing Unused input sections from the image.

    Removing hello.o(i.fillpixelbypixel), (72 bytes).
    Removing hello.o(i.lcdTestPatternR), (116 bytes).
    Removing hello.o(i.loop), (2 bytes).
    Removing hello.o(i.mediabuttons), (258 bytes).
    Removing hello.o(i.setup), (504 bytes).
    Removing hello.o(i.testdrawcircles), (68 bytes).
    Removing hello.o(i.testdrawrects), (76 bytes).
    Removing hello.o(i.testdrawtext), (102 bytes).
    Removing hello.o(i.testfastlines), (86 bytes).
    Removing hello.o(i.testfillcircles), (64 bytes).
    Removing hello.o(i.testfillrects), (124 bytes).
    Removing hello.o(i.testlines), (366 bytes).
    Removing hello.o(i.testroundrects), (96 bytes).
    Removing hello.o(i.testtriangles), (86 bytes).
    Removing hello.o(i.tftPrintTest), (132 bytes).
    Removing hello.o(.constdata), (1275 bytes).
    Removing hello.o(.conststring), (366 bytes).
    Removing hello.o(.data), (4 bytes).
    Removing hello.o(.data), (4 bytes).
    Removing hello.o(.data), (4 bytes).
    Removing startup_rvmdk.o(HEAP), (0 bytes).
    Removing startup_rvmdk.o(.text), (0 bytes).
    Removing uartstdio.o(i.UARTgetc), (24 bytes).
    Removing uartstdio.o(i.UARTgets), (132 bytes).
    Removing adafruit_gfx.o(i.Color565), (24 bytes).
    Removing adafruit_gfx.o(i.drawCircle), (254 bytes).
    Removing adafruit_gfx.o(i.drawCircleHelper), (228 bytes).
    Removing adafruit_gfx.o(i.drawFastHLine), (72 bytes).
    Removing adafruit_gfx.o(i.drawFastVLine), (72 bytes).
    Removing adafruit_gfx.o(i.drawLine), (162 bytes).
    Removing adafruit_gfx.o(i.drawRect), (70 bytes).
    Removing adafruit_gfx.o(i.drawRoundRect), (184 bytes).
    Removing adafruit_gfx.o(i.drawTriangle), (56 bytes).
    Removing adafruit_gfx.o(i.fillCircle), (52 bytes).
    Removing adafruit_gfx.o(i.fillCircleHelper), (194 bytes).
    Removing adafruit_gfx.o(i.fillRoundRect), (102 bytes).
    Removing adafruit_gfx.o(i.fillTriangle), (330 bytes).
    Removing adafruit_gfx.o(i.getRotation), (12 bytes).
    Removing adafruit_gfx.o(i.height), (12 bytes).
    Removing adafruit_gfx.o(i.invert), (12 bytes).
    Removing adafruit_gfx.o(i.rawFastHLine), (112 bytes).
    Removing adafruit_gfx.o(i.rawFastVLine), (112 bytes).
    Removing adafruit_gfx.o(i.setRotation), (36 bytes).
    Removing adafruit_gfx.o(i.setTextColor), (12 bytes).
    Removing adafruit_gfx.o(i.setTextWrap), (12 bytes).
    Removing adafruit_gfx.o(i.swap1), (2 bytes).
    Removing adafruit_gfx.o(i.width), (12 bytes).
    Removing adafruit_gfx.o(i.writeChar), (96 bytes).
    Removing adafruit_gfx.o(.constdata), (4 bytes).
    Removing adafruit_gfx.o(.constdata), (4 bytes).
    Removing adafruit_gfx.o(.constdata), (1 bytes).
    Removing adafruit_gfx.o(.constdata), (1 bytes).
    Removing adafruit_gfx.o(.constdata), (1 bytes).
    Removing adafruit_gfx.o(.constdata), (1 bytes).
    Removing adafruit_gfx.o(.constdata), (1 bytes).
    Removing gpio.o(i.GPIOADCTriggerDisable), (14 bytes).
    Removing gpio.o(i.GPIOADCTriggerEnable), (14 bytes).
    Removing gpio.o(i.GPIODMATriggerDisable), (14 bytes).
    Removing gpio.o(i.GPIODMATriggerEnable), (14 bytes).
    Removing gpio.o(i.GPIODirModeGet), (34 bytes).
    Removing gpio.o(i.GPIOIntRegister), (56 bytes).
    Removing gpio.o(i.GPIOIntStatus), (14 bytes).
    Removing gpio.o(i.GPIOIntTypeGet), (68 bytes).
    Removing gpio.o(i.GPIOIntTypeSet), (80 bytes).
    Removing gpio.o(i.GPIOIntUnregister), (52 bytes).
    Removing gpio.o(i.GPIOPadConfigGet), (140 bytes).
    Removing gpio.o(i.GPIOPinRead), (6 bytes).
    Removing gpio.o(i.GPIOPinTypeADC), (28 bytes).
    Removing gpio.o(i.GPIOPinTypeCAN), (28 bytes).
    Removing gpio.o(i.GPIOPinTypeComparator), (28 bytes).
    Removing gpio.o(i.GPIOPinTypeEPI), (28 bytes).
    Removing gpio.o(i.GPIOPinTypeEthernetLED), (28 bytes).
    Removing gpio.o(i.GPIOPinTypeEthernetMII), (28 bytes).
    Removing gpio.o(i.GPIOPinTypeFan), (28 bytes).
    Removing gpio.o(i.GPIOPinTypeGPIOInput), (28 bytes).
    Removing gpio.o(i.GPIOPinTypeGPIOOutput), (28 bytes).
    Removing gpio.o(i.GPIOPinTypeGPIOOutputOD), (28 bytes).
    Removing gpio.o(i.GPIOPinTypeI2C), (28 bytes).
    Removing gpio.o(i.GPIOPinTypeI2CSCL), (28 bytes).
    Removing gpio.o(i.GPIOPinTypeLPC), (28 bytes).
    Removing gpio.o(i.GPIOPinTypePECIRx), (28 bytes).
    Removing gpio.o(i.GPIOPinTypePECITx), (28 bytes).
    Removing gpio.o(i.GPIOPinTypePWM), (28 bytes).
    Removing gpio.o(i.GPIOPinTypeQEI), (28 bytes).
    Removing gpio.o(i.GPIOPinTypeSSI), (28 bytes).
    Removing gpio.o(i.GPIOPinTypeTimer), (28 bytes).
    Removing gpio.o(i.GPIOPinTypeUSBAnalog), (28 bytes).
    Removing gpio.o(i.GPIOPinTypeUSBDigital), (28 bytes).
    Removing gpio.o(i.GPIOPinWrite), (6 bytes).
    Removing ssi.o(i.SSIClockSourceGet), (6 bytes).
    Removing ssi.o(i.SSIClockSourceSet), (6 bytes).
    Removing ssi.o(i.SSIConfigSetExpClk), (74 bytes).
    Removing ssi.o(i.SSIDMADisable), (10 bytes).
    Removing ssi.o(i.SSIDMAEnable), (8 bytes).
    Removing ssi.o(i.SSIDataGet), (14 bytes).
    Removing ssi.o(i.SSIDataGetNonBlocking), (20 bytes).
    Removing ssi.o(i.SSIDataPutNonBlocking), (16 bytes).
    Removing ssi.o(i.SSIDisable), (10 bytes).
    Removing ssi.o(i.SSIEnable), (10 bytes).
    Removing ssi.o(i.SSIIntClear), (4 bytes).
    Removing ssi.o(i.SSIIntDisable), (10 bytes).
    Removing ssi.o(i.SSIIntEnable), (8 bytes).
    Removing ssi.o(i.SSIIntRegister), (56 bytes).
    Removing ssi.o(i.SSIIntStatus), (10 bytes).
    Removing ssi.o(i.SSIIntUnregister), (52 bytes).
    Removing ssi.o(.constdata), (32 bytes).
    Removing sysctl.o(.emb_text), (6 bytes).
    Removing sysctl.o(i.SysCtlADCSpeedGet), (16 bytes).
    Removing sysctl.o(i.SysCtlADCSpeedSet), (28 bytes).
    Removing sysctl.o(i.SysCtlClockSet), (284 bytes).
    Removing sysctl.o(i.SysCtlDeepSleep), (32 bytes).
    Removing sysctl.o(i.SysCtlDeepSleepClockSet), (12 bytes).
    Removing sysctl.o(i.SysCtlFlashSizeGet), (20 bytes).
    Removing sysctl.o(i.SysCtlGPIOAHBDisable), (28 bytes).
    Removing sysctl.o(i.SysCtlGPIOAHBEnable), (24 bytes).
    Removing sysctl.o(i.SysCtlIntClear), (12 bytes).
    Removing sysctl.o(i.SysCtlIntDisable), (16 bytes).
    Removing sysctl.o(i.SysCtlIntEnable), (16 bytes).
    Removing sysctl.o(i.SysCtlIntRegister), (20 bytes).
    Removing sysctl.o(i.SysCtlIntStatus), (16 bytes).
    Removing sysctl.o(i.SysCtlIntUnregister), (18 bytes).
    Removing sysctl.o(i.SysCtlMOSCConfigSet), (12 bytes).
    Removing sysctl.o(i.SysCtlPIOSCCalibrate), (76 bytes).
    Removing sysctl.o(i.SysCtlPWMClockGet), (24 bytes).
    Removing sysctl.o(i.SysCtlPWMClockSet), (20 bytes).
    Removing sysctl.o(i.SysCtlPeripheralClockGating), (24 bytes).
    Removing sysctl.o(i.SysCtlPeripheralDeepSleepDisable), (40 bytes).
    Removing sysctl.o(i.SysCtlPeripheralDeepSleepEnable), (40 bytes).
    Removing sysctl.o(i.SysCtlPeripheralDisable), (40 bytes).
    Removing sysctl.o(i.SysCtlPeripheralEnable), (40 bytes).
    Removing sysctl.o(i.SysCtlPeripheralPowerOff), (40 bytes).
    Removing sysctl.o(i.SysCtlPeripheralPowerOn), (40 bytes).
    Removing sysctl.o(i.SysCtlPeripheralPresent), (44 bytes).
    Removing sysctl.o(i.SysCtlPeripheralReady), (44 bytes).
    Removing sysctl.o(i.SysCtlPeripheralReset), (60 bytes).
    Removing sysctl.o(i.SysCtlPeripheralSleepDisable), (40 bytes).
    Removing sysctl.o(i.SysCtlPeripheralSleepEnable), (40 bytes).
    Removing sysctl.o(i.SysCtlReset), (16 bytes).
    Removing sysctl.o(i.SysCtlResetCauseClear), (16 bytes).
    Removing sysctl.o(i.SysCtlResetCauseGet), (12 bytes).
    Removing sysctl.o(i.SysCtlSRAMSizeGet), (16 bytes).
    Removing sysctl.o(i.SysCtlSleep), (4 bytes).
    Removing sysctl.o(i.SysCtlUSBPLLDisable), (16 bytes).
    Removing sysctl.o(i.SysCtlUSBPLLEnable), (16 bytes).
    Removing sysctl.o(.data), (4 bytes).
    Removing sysctl.o(.data), (4 bytes).
    Removing sysctl.o(.data), (4 bytes).
    Removing sysctl.o(.data), (4 bytes).
    Removing sysctl.o(.data), (1 bytes).
    Removing uart.o(i.UART9BitAddrSend), (38 bytes).
    Removing uart.o(i.UART9BitAddrSet), (10 bytes).
    Removing uart.o(i.UART9BitDisable), (14 bytes).
    Removing uart.o(i.UART9BitEnable), (14 bytes).
    Removing uart.o(i.UARTBreakCtl), (18 bytes).
    Removing uart.o(i.UARTBusy), (8 bytes).
    Removing uart.o(i.UARTCharGet), (12 bytes).
    Removing uart.o(i.UARTCharGetNonBlocking), (16 bytes).
    Removing uart.o(i.UARTCharPut), (12 bytes).
    Removing uart.o(i.UARTCharPutNonBlocking), (16 bytes).
    Removing uart.o(i.UARTCharsAvail), (10 bytes).
    Removing uart.o(i.UARTClockSourceGet), (6 bytes).
    Removing uart.o(i.UARTConfigGetExpClk), (46 bytes).
    Removing uart.o(i.UARTConfigSetExpClk), (110 bytes).
    Removing uart.o(i.UARTDMADisable), (10 bytes).
    Removing uart.o(i.UARTDMAEnable), (8 bytes).
    Removing uart.o(i.UARTDisable), (30 bytes).
    Removing uart.o(i.UARTDisableSIR), (10 bytes).
    Removing uart.o(i.UARTEnable), (20 bytes).
    Removing uart.o(i.UARTEnableSIR), (18 bytes).
    Removing uart.o(i.UARTFIFODisable), (10 bytes).
    Removing uart.o(i.UARTFIFOEnable), (10 bytes).
    Removing uart.o(i.UARTFIFOLevelGet), (16 bytes).
    Removing uart.o(i.UARTFIFOLevelSet), (6 bytes).
    Removing uart.o(i.UARTFlowControlGet), (8 bytes).
    Removing uart.o(i.UARTFlowControlSet), (12 bytes).
    Removing uart.o(i.UARTIntClear), (4 bytes).
    Removing uart.o(i.UARTIntDisable), (10 bytes).
    Removing uart.o(i.UARTIntEnable), (8 bytes).
    Removing uart.o(i.UARTIntRegister), (56 bytes).
    Removing uart.o(i.UARTIntStatus), (10 bytes).
    Removing uart.o(i.UARTIntUnregister), (52 bytes).
    Removing uart.o(i.UARTModemControlClear), (14 bytes).
    Removing uart.o(i.UARTModemControlGet), (8 bytes).
    Removing uart.o(i.UARTModemControlSet), (12 bytes).
    Removing uart.o(i.UARTModemStatusGet), (10 bytes).
    Removing uart.o(i.UARTParityModeGet), (8 bytes).
    Removing uart.o(i.UARTParityModeSet), (12 bytes).
    Removing uart.o(i.UARTRxErrorClear), (6 bytes).
    Removing uart.o(i.UARTRxErrorGet), (8 bytes).
    Removing uart.o(i.UARTSmartCardDisable), (10 bytes).
    Removing uart.o(i.UARTSmartCardEnable), (22 bytes).
    Removing uart.o(i.UARTSpaceAvail), (10 bytes).
    Removing uart.o(i.UARTTxIntModeGet), (8 bytes).
    Removing uart.o(i.UARTTxIntModeSet), (12 bytes).
    Removing uart.o(.constdata), (64 bytes).
    Removing cpu.o(.emb_text), (38 bytes).
    Removing interrupt.o(i.IntDisable), (100 bytes).
    Removing interrupt.o(i.IntEnable), (100 bytes).
    Removing interrupt.o(i.IntIsEnabled), (96 bytes).
    Removing interrupt.o(i.IntMasterDisable), (14 bytes).
    Removing interrupt.o(i.IntMasterEnable), (14 bytes).
    Removing interrupt.o(i.IntPendClear), (68 bytes).
    Removing interrupt.o(i.IntPendSet), (84 bytes).
    Removing interrupt.o(i.IntPriorityGet), (28 bytes).
    Removing interrupt.o(i.IntPriorityGroupingGet), (36 bytes).
    Removing interrupt.o(i.IntPriorityGroupingSet), (28 bytes).
    Removing interrupt.o(i.IntPriorityMaskGet), (4 bytes).
    Removing interrupt.o(i.IntPriorityMaskSet), (4 bytes).
    Removing interrupt.o(i.IntPrioritySet), (40 bytes).
    Removing interrupt.o(i.IntRegister), (52 bytes).
    Removing interrupt.o(i.IntTrigger), (12 bytes).
    Removing interrupt.o(i.IntUnregister), (20 bytes).
    Removing interrupt.o(i._IntDefaultHandler), (2 bytes).
    Removing interrupt.o(.constdata), (268 bytes).
    Removing interrupt.o(vtable), (620 bytes).

215 unused section(s) (total 11395 bytes) removed from the image.

==============================================================================

Image Symbol Table

    Local Symbols

    Symbol Name                              Value     Ov Type        Size  Object(Section)

    RESET                                    0x00000000   Section      648  startup_rvmdk.o(RESET)
    ../clib/microlib/init/entry.s            0x00000000   Number         0  entry2.o ABSOLUTE
    ../clib/microlib/init/entry.s            0x00000000   Number         0  entry11a.o ABSOLUTE
    ../clib/microlib/init/entry.s            0x00000000   Number         0  entry10b.o ABSOLUTE
    ../clib/microlib/init/entry.s            0x00000000   Number         0  entry10a.o ABSOLUTE
    ../clib/microlib/init/entry.s            0x00000000   Number         0  entry9b.o ABSOLUTE
    ../clib/microlib/init/entry.s            0x00000000   Number         0  entry9a.o ABSOLUTE
    ../clib/microlib/init/entry.s            0x00000000   Number         0  entry8b.o ABSOLUTE
    ../clib/microlib/init/entry.s            0x00000000   Number         0  entry8a.o ABSOLUTE
    ../clib/microlib/init/entry.s            0x00000000   Number         0  entry7a.o ABSOLUTE
    ../clib/microlib/init/entry.s            0x00000000   Number         0  entry11b.o ABSOLUTE
    ../clib/microlib/init/entry.s            0x00000000   Number         0  entry7b.o ABSOLUTE
    ../clib/microlib/init/entry.s            0x00000000   Number         0  entry5.o ABSOLUTE
    ../clib/microlib/init/entry.s            0x00000000   Number         0  entry.o ABSOLUTE
    ../clib/microlib/longlong.c              0x00000000   Number         0  llshl.o ABSOLUTE
    ../clib/microlib/longlong.c              0x00000000   Number         0  llushr.o ABSOLUTE
    ../clib/microlib/string/strlen.c         0x00000000   Number         0  strlen.o ABSOLUTE
    ../clib/microlib/stubs.s                 0x00000000   Number         0  iusefp.o ABSOLUTE
    ../fplib/microlib/fpepilogue.c           0x00000000   Number         0  fepilogue.o ABSOLUTE
    ../fplib/microlib/fpepilogue.c           0x00000000   Number         0  depilogue.o ABSOLUTE
    ../fplib/microlib/fpfix.c                0x00000000   Number         0  dfixui.o ABSOLUTE
    ../fplib/microlib/fpflt.c                0x00000000   Number         0  dfltui.o ABSOLUTE
    ../fplib/microlib/fpmul.c                0x00000000   Number         0  dmul.o ABSOLUTE
    ../fplib/microlib/fprnd.c                0x00000000   Number         0  frnd.o ABSOLUTE
    ../mathlib/round.c                       0x00000000   Number         0  roundf.o ABSOLUTE
    Adafruit_GFX.c                           0x00000000   Number         0  adafruit_gfx.o ABSOLUTE
    C:\ti\TivaWare_C_Series-1.1\utils\uartstdio.c 0x00000000   Number         0  uartstdio.o ABSOLUTE
    cpu.c                                    0x00000000   Number         0  cpu.o ABSOLUTE
    cpu.c                                    0x00000000   Number         0  cpu.o ABSOLUTE
    dc.s                                     0x00000000   Number         0  dc.o ABSOLUTE
    gpio.c                                   0x00000000   Number         0  gpio.o ABSOLUTE
    handlers.s                               0x00000000   Number         0  handlers.o ABSOLUTE
    hello.c                                  0x00000000   Number         0  hello.o ABSOLUTE
    init.s                                   0x00000000   Number         0  init.o ABSOLUTE
    interrupt.c                              0x00000000   Number         0  interrupt.o ABSOLUTE
    ssi.c                                    0x00000000   Number         0  ssi.o ABSOLUTE
    startup_rvmdk.S                          0x00000000   Number         0  startup_rvmdk.o ABSOLUTE
    sysctl.c                                 0x00000000   Number         0  sysctl.o ABSOLUTE
    sysctl.c                                 0x00000000   Number         0  sysctl.o ABSOLUTE
    uart.c                                   0x00000000   Number         0  uart.o ABSOLUTE
    $v0                                      0x0000026c   Number         0  startup_rvmdk.o(RESET)
    NmiSR                                    0x00000281   Thumb Code     0  startup_rvmdk.o(RESET)
    FaultISR                                 0x00000283   Thumb Code     0  startup_rvmdk.o(RESET)
    IntDefaultHandler                        0x00000285   Thumb Code     0  startup_rvmdk.o(RESET)
    .ARM.Collect$$$$00000000                 0x00000288   Section        0  entry.o(.ARM.Collect$$$$00000000)
    .ARM.Collect$$$$00000001                 0x00000288   Section        4  entry2.o(.ARM.Collect$$$$00000001)
    .ARM.Collect$$$$00000004                 0x0000028c   Section        4  entry5.o(.ARM.Collect$$$$00000004)
    .ARM.Collect$$$$00000008                 0x00000290   Section        0  entry7b.o(.ARM.Collect$$$$00000008)
    .ARM.Collect$$$$0000000A                 0x00000290   Section        0  entry8b.o(.ARM.Collect$$$$0000000A)
    .ARM.Collect$$$$0000000B                 0x00000290   Section        8  entry9a.o(.ARM.Collect$$$$0000000B)
    .ARM.Collect$$$$0000000D                 0x00000298   Section        0  entry10a.o(.ARM.Collect$$$$0000000D)
    .ARM.Collect$$$$0000000F                 0x00000298   Section        0  entry11a.o(.ARM.Collect$$$$0000000F)
    .ARM.Collect$$$$00002712                 0x00000298   Section        4  entry2.o(.ARM.Collect$$$$00002712)
    __lit__00000000                          0x00000298   Data           4  entry2.o(.ARM.Collect$$$$00002712)
    .text                                    0x0000029c   Section        0  dmul.o(.text)
    .text                                    0x00000380   Section        0  dfltui.o(.text)
    .text                                    0x0000039a   Section        0  dfixui.o(.text)
    .text                                    0x000003cc   Section        0  llushr.o(.text)
    .text                                    0x000003ec   Section        0  iusefp.o(.text)
    .text                                    0x000003ec   Section        0  frnd.o(.text)
    .text                                    0x00000428   Section        0  depilogue.o(.text)
    .text                                    0x000004e4   Section       36  init.o(.text)
    .text                                    0x00000508   Section        0  llshl.o(.text)
    .text                                    0x00000526   Section        0  fepilogue.o(.text)
    i.ConfigureSSI                           0x00000594   Section        0  hello.o(i.ConfigureSSI)
    i.Edge_Handler                           0x00000604   Section        0  hello.o(i.Edge_Handler)
    i.GPIODirModeSet                         0x00000648   Section        0  gpio.o(i.GPIODirModeSet)
    i.GPIOIntClear                           0x00000670   Section        0  gpio.o(i.GPIOIntClear)
    i.GPIOIntDisable                         0x00000676   Section        0  gpio.o(i.GPIOIntDisable)
    i.GPIOIntEnable                          0x00000684   Section        0  gpio.o(i.GPIOIntEnable)
    i.GPIOPadConfigSet                       0x00000692   Section        0  gpio.o(i.GPIOPadConfigSet)
    i.GPIOPinConfigure                       0x00000744   Section        0  gpio.o(i.GPIOPinConfigure)
    i.GPIOPinTypeUART                        0x0000078c   Section        0  gpio.o(i.GPIOPinTypeUART)
    i.InitConsole                            0x000007a8   Section        0  hello.o(i.InitConsole)
    i.SSIBusy                                0x00000804   Section        0  ssi.o(i.SSIBusy)
    i.SSIDataPut                             0x0000080c   Section        0  ssi.o(i.SSIDataPut)
    i.SysCtlClockGet                         0x00000818   Section        0  sysctl.o(i.SysCtlClockGet)
    i.SysTick_Handler                        0x00000924   Section        0  hello.o(i.SysTick_Handler)
    i.UARTClockSourceSet                     0x00000926   Section        0  uart.o(i.UARTClockSourceSet)
    i.UARTStdioConfig                        0x0000092c   Section        0  uartstdio.o(i.UARTStdioConfig)
    i.UARTprintf                             0x00000988   Section        0  uartstdio.o(i.UARTprintf)
    i.UARTvprintf                            0x0000099c   Section        0  uartstdio.o(i.UARTvprintf)
    i.UARTwrite                              0x00000b50   Section        0  uartstdio.o(i.UARTwrite)
    i.__hardfp_roundf                        0x00000b8c   Section        0  roundf.o(i.__hardfp_roundf)
    i.__scatterload_copy                     0x00000c26   Section       14  handlers.o(i.__scatterload_copy)
    i.__scatterload_null                     0x00000c34   Section        2  handlers.o(i.__scatterload_null)
    i.__scatterload_zeroinit                 0x00000c36   Section       14  handlers.o(i.__scatterload_zeroinit)
    i.begin                                  0x00000c44   Section        0  adafruit_gfx.o(i.begin)
    i.drawChar                               0x00000dac   Section        0  adafruit_gfx.o(i.drawChar)
    i.drawPixel                              0x00000e70   Section        0  adafruit_gfx.o(i.drawPixel)
    i.fillRect                               0x00000ec4   Section        0  adafruit_gfx.o(i.fillRect)
    i.fillScreen                             0x00000f14   Section        0  adafruit_gfx.o(i.fillScreen)
    i.goTo                                   0x00000f26   Section        0  adafruit_gfx.o(i.goTo)
    i.initHW                                 0x00000f64   Section        0  adafruit_gfx.o(i.initHW)
    i.lcdTestPattern                         0x00000f74   Section        0  hello.o(i.lcdTestPattern)
    i.main                                   0x00000fe8   Section        0  hello.o(i.main)
    i.rawFillRect                            0x000013ac   Section        0  adafruit_gfx.o(i.rawFillRect)
    i.setCursor                              0x00001434   Section        0  adafruit_gfx.o(i.setCursor)
    i.setTextSize                            0x00001440   Section        0  adafruit_gfx.o(i.setTextSize)
    i.writeChar1                             0x00001450   Section        0  adafruit_gfx.o(i.writeChar1)
    i.writeCommand                           0x000014b4   Section        0  adafruit_gfx.o(i.writeCommand)
    i.writeData                              0x000014f0   Section        0  adafruit_gfx.o(i.writeData)
    .constdata                               0x00001518   Section       28  uartstdio.o(.constdata)
    g_pcHex                                  0x00001518   Data           4  uartstdio.o(.constdata)
    g_ui32UARTBase                           0x0000151c   Data          12  uartstdio.o(.constdata)
    g_ui32UARTPeriph                         0x00001528   Data          12  uartstdio.o(.constdata)
    .constdata                               0x00001534   Section     1275  adafruit_gfx.o(.constdata)
    font                                     0x00001534   Data        1275  adafruit_gfx.o(.constdata)
    .constdata                               0x00001a30   Section      312  gpio.o(.constdata)
    g_ppui32GPIOIntMapBlizzard               0x00001a30   Data         192  gpio.o(.constdata)
    g_pui32GPIOBaseAddrs                     0x00001af0   Data         120  gpio.o(.constdata)
    .constdata                               0x00001b68   Section      108  sysctl.o(.constdata)
    g_pui32Xtals                             0x00001b68   Data         108  sysctl.o(.constdata)
    .conststring                             0x00001bd4   Section       17  uartstdio.o(.conststring)
    .data                                    0x20000000   Section       16  hello.o(.data)
    .data                                    0x20000010   Section        8  uartstdio.o(.data)
    bLastWasCR                               0x20000010   Data           1  uartstdio.o(.data)
    g_ui32Base                               0x20000014   Data           4  uartstdio.o(.data)
    .data                                    0x20000018   Section       16  adafruit_gfx.o(.data)
    .bss                                     0x20000028   Section      800  hello.o(.bss)
    STACK                                    0x20000348   Section      512  startup_rvmdk.o(STACK)
    StackMem                                 0x20000348   Data           0  startup_rvmdk.o(STACK)

    Global Symbols

    Symbol Name                              Value     Ov Type        Size  Object(Section)

    BuildAttributes$$THM_ISAv4$E$P$D$K$B$S$7EM$VFPi3$EXTD16$VFPS$VFMA$PE$A:L22UL41UL21$X:L11$S22US41US21$IEEE1$IW$USESV6$~STKCKD$USESV7$~SHL$OTIME$ROPI$IEEEJ$EBA8$MICROLIB$REQ8$PRES8$EABIv2 0x00000000   Number         0  anon$$obj.o ABSOLUTE
    __ARM_use_no_argv                        0x00000000   Number         0  hello.o ABSOLUTE
    __Vectors                                0x00000000   Data           0  startup_rvmdk.o(RESET)
    __cpp_initialize__aeabi_                  - Undefined Weak Reference
    __cxa_finalize                            - Undefined Weak Reference
    __decompress                              - Undefined Weak Reference
    _clock_init                               - Undefined Weak Reference
    _microlib_exit                            - Undefined Weak Reference
    Reset_Handler                            0x0000026d   Thumb Code     0  startup_rvmdk.o(RESET)
    __main                                   0x00000289   Thumb Code     0  entry.o(.ARM.Collect$$$$00000000)
    _main_stk                                0x00000289   Thumb Code     0  entry2.o(.ARM.Collect$$$$00000001)
    _main_scatterload                        0x0000028d   Thumb Code     0  entry5.o(.ARM.Collect$$$$00000004)
    __main_after_scatterload                 0x00000291   Thumb Code     0  entry5.o(.ARM.Collect$$$$00000004)
    _main_clock                              0x00000291   Thumb Code     0  entry7b.o(.ARM.Collect$$$$00000008)
    _main_cpp_init                           0x00000291   Thumb Code     0  entry8b.o(.ARM.Collect$$$$0000000A)
    _main_init                               0x00000291   Thumb Code     0  entry9a.o(.ARM.Collect$$$$0000000B)
    __rt_final_cpp                           0x00000299   Thumb Code     0  entry10a.o(.ARM.Collect$$$$0000000D)
    __rt_final_exit                          0x00000299   Thumb Code     0  entry11a.o(.ARM.Collect$$$$0000000F)
    __aeabi_dmul                             0x0000029d   Thumb Code   228  dmul.o(.text)
    __aeabi_ui2d                             0x00000381   Thumb Code    26  dfltui.o(.text)
    __aeabi_d2uiz                            0x0000039b   Thumb Code    50  dfixui.o(.text)
    __aeabi_llsr                             0x000003cd   Thumb Code    32  llushr.o(.text)
    _ll_ushift_r                             0x000003cd   Thumb Code     0  llushr.o(.text)
    __I$use$fp                               0x000003ed   Thumb Code     0  iusefp.o(.text)
    _frnd                                    0x000003ed   Thumb Code    60  frnd.o(.text)
    _double_round                            0x00000429   Thumb Code    30  depilogue.o(.text)
    _double_epilogue                         0x00000447   Thumb Code   156  depilogue.o(.text)
    __scatterload                            0x000004e5   Thumb Code    28  init.o(.text)
    __scatterload_rt2                        0x000004e5   Thumb Code     0  init.o(.text)
    __aeabi_llsl                             0x00000509   Thumb Code    30  llshl.o(.text)
    _ll_shift_l                              0x00000509   Thumb Code     0  llshl.o(.text)
    _float_round                             0x00000527   Thumb Code    18  fepilogue.o(.text)
    _float_epilogue                          0x00000539   Thumb Code    92  fepilogue.o(.text)
    ConfigureSSI                             0x00000595   Thumb Code   100  hello.o(i.ConfigureSSI)
    Edge_Handler                             0x00000605   Thumb Code    54  hello.o(i.Edge_Handler)
    GPIODirModeSet                           0x00000649   Thumb Code    40  gpio.o(i.GPIODirModeSet)
    GPIOIntClear                             0x00000671   Thumb Code     6  gpio.o(i.GPIOIntClear)
    GPIOIntDisable                           0x00000677   Thumb Code    14  gpio.o(i.GPIOIntDisable)
    GPIOIntEnable                            0x00000685   Thumb Code    14  gpio.o(i.GPIOIntEnable)
    GPIOPadConfigSet                         0x00000693   Thumb Code   176  gpio.o(i.GPIOPadConfigSet)
    GPIOPinConfigure                         0x00000745   Thumb Code    64  gpio.o(i.GPIOPinConfigure)
    GPIOPinTypeUART                          0x0000078d   Thumb Code    28  gpio.o(i.GPIOPinTypeUART)
    InitConsole                              0x000007a9   Thumb Code    74  hello.o(i.InitConsole)
    SSIBusy                                  0x00000805   Thumb Code     8  ssi.o(i.SSIBusy)
    SSIDataPut                               0x0000080d   Thumb Code    12  ssi.o(i.SSIDataPut)
    SysCtlClockGet                           0x00000819   Thumb Code   250  sysctl.o(i.SysCtlClockGet)
    SysTick_Handler                          0x00000925   Thumb Code     2  hello.o(i.SysTick_Handler)
    UARTClockSourceSet                       0x00000927   Thumb Code     6  uart.o(i.UARTClockSourceSet)
    UARTStdioConfig                          0x0000092d   Thumb Code    82  uartstdio.o(i.UARTStdioConfig)
    UARTprintf                               0x00000989   Thumb Code    18  uartstdio.o(i.UARTprintf)
    UARTvprintf                              0x0000099d   Thumb Code   420  uartstdio.o(i.UARTvprintf)
    UARTwrite                                0x00000b51   Thumb Code    56  uartstdio.o(i.UARTwrite)
    __hardfp_roundf                          0x00000b8d   Thumb Code   154  roundf.o(i.__hardfp_roundf)
    __scatterload_copy                       0x00000c27   Thumb Code    14  handlers.o(i.__scatterload_copy)
    __scatterload_null                       0x00000c35   Thumb Code     2  handlers.o(i.__scatterload_null)
    __scatterload_zeroinit                   0x00000c37   Thumb Code    14  handlers.o(i.__scatterload_zeroinit)
    begin                                    0x00000c45   Thumb Code   356  adafruit_gfx.o(i.begin)
    drawChar                                 0x00000dad   Thumb Code   186  adafruit_gfx.o(i.drawChar)
    drawPixel                                0x00000e71   Thumb Code    80  adafruit_gfx.o(i.drawPixel)
    fillRect                                 0x00000ec5   Thumb Code    74  adafruit_gfx.o(i.fillRect)
    fillScreen                               0x00000f15   Thumb Code    18  adafruit_gfx.o(i.fillScreen)
    goTo                                     0x00000f27   Thumb Code    62  adafruit_gfx.o(i.goTo)
    initHW                                   0x00000f65   Thumb Code    10  adafruit_gfx.o(i.initHW)
    lcdTestPattern                           0x00000f75   Thumb Code   114  hello.o(i.lcdTestPattern)
    main                                     0x00000fe9   Thumb Code   832  hello.o(i.main)
    rawFillRect                              0x000013ad   Thumb Code   134  adafruit_gfx.o(i.rawFillRect)
    setCursor                                0x00001435   Thumb Code     8  adafruit_gfx.o(i.setCursor)
    setTextSize                              0x00001441   Thumb Code    10  adafruit_gfx.o(i.setTextSize)
    writeChar1                               0x00001451   Thumb Code    94  adafruit_gfx.o(i.writeChar1)
    writeCommand                             0x000014b5   Thumb Code    52  adafruit_gfx.o(i.writeCommand)
    writeData                                0x000014f1   Thumb Code    32  adafruit_gfx.o(i.writeData)
    Region$$Table$$Base                      0x00001be8   Number         0  anon$$obj.o(Region$$Table)
    Region$$Table$$Limit                     0x00001c08   Number         0  anon$$obj.o(Region$$Table)
    started                                  0x20000000   Data           1  hello.o(.data)
    currPress                                0x20000001   Data           1  hello.o(.data)
    currChar                                 0x20000002   Data           1  hello.o(.data)
    drawX                                    0x20000004   Data           2  hello.o(.data)
    drawY                                    0x20000006   Data           2  hello.o(.data)
    edgeI                                    0x20000008   Data           4  hello.o(.data)
    setInd                                   0x2000000c   Data           4  hello.o(.data)
    textsize                                 0x20000018   Data           1  adafruit_gfx.o(.data)
    rotation                                 0x20000019   Data           1  adafruit_gfx.o(.data)
    wrap                                     0x2000001a   Data           1  adafruit_gfx.o(.data)
    _width                                   0x2000001c   Data           2  adafruit_gfx.o(.data)
    _height                                  0x2000001e   Data           2  adafruit_gfx.o(.data)
    cursor_x                                 0x20000020   Data           2  adafruit_gfx.o(.data)
    cursor_y                                 0x20000022   Data           2  adafruit_gfx.o(.data)
    textcolor                                0x20000024   Data           2  adafruit_gfx.o(.data)
    textbgcolor                              0x20000026   Data           2  adafruit_gfx.o(.data)
    edgeTimes                                0x20000028   Data         800  hello.o(.bss)
    __initial_sp                             0x20000548   Data           0  startup_rvmdk.o(STACK)



==============================================================================

Memory Map of the image

  Image Entry point : 0x0000026d

  Load Region LR_IROM (Base: 0x00000000, Size: 0x00001c30, Max: 0x00040000, ABSOLUTE)

    Execution Region ER_IROM (Base: 0x00000000, Size: 0x00001c08, Max: 0x00040000, ABSOLUTE)

    Base Addr    Size         Type   Attr      Idx    E Section Name        Object

    0x00000000   0x00000288   Code   RO          220  * RESET               startup_rvmdk.o
    0x00000288   0x00000000   Code   RO         1604  * .ARM.Collect$$$$00000000  mc_w.l(entry.o)
    0x00000288   0x00000004   Code   RO         1615    .ARM.Collect$$$$00000001  mc_w.l(entry2.o)
    0x0000028c   0x00000004   Code   RO         1618    .ARM.Collect$$$$00000004  mc_w.l(entry5.o)
    0x00000290   0x00000000   Code   RO         1620    .ARM.Collect$$$$00000008  mc_w.l(entry7b.o)
    0x00000290   0x00000000   Code   RO         1622    .ARM.Collect$$$$0000000A  mc_w.l(entry8b.o)
    0x00000290   0x00000008   Code   RO         1623    .ARM.Collect$$$$0000000B  mc_w.l(entry9a.o)
    0x00000298   0x00000000   Code   RO         1625    .ARM.Collect$$$$0000000D  mc_w.l(entry10a.o)
    0x00000298   0x00000000   Code   RO         1627    .ARM.Collect$$$$0000000F  mc_w.l(entry11a.o)
    0x00000298   0x00000004   Code   RO         1616    .ARM.Collect$$$$00002712  mc_w.l(entry2.o)
    0x0000029c   0x000000e4   Code   RO         1609    .text               mf_w.l(dmul.o)
    0x00000380   0x0000001a   Code   RO         1611    .text               mf_w.l(dfltui.o)
    0x0000039a   0x00000032   Code   RO         1613    .text               mf_w.l(dfixui.o)
    0x000003cc   0x00000020   Code   RO         1629    .text               mc_w.l(llushr.o)
    0x000003ec   0x00000000   Code   RO         1631    .text               mc_w.l(iusefp.o)
    0x000003ec   0x0000003c   Code   RO         1632    .text               mf_w.l(frnd.o)
    0x00000428   0x000000ba   Code   RO         1634    .text               mf_w.l(depilogue.o)
    0x000004e2   0x00000002   PAD
    0x000004e4   0x00000024   Code   RO         1636    .text               mc_w.l(init.o)
    0x00000508   0x0000001e   Code   RO         1638    .text               mc_w.l(llshl.o)
    0x00000526   0x0000006e   Code   RO         1640    .text               mf_w.l(fepilogue.o)
    0x00000594   0x00000070   Code   RO            1    i.ConfigureSSI      hello.o
    0x00000604   0x00000044   Code   RO            2    i.Edge_Handler      hello.o
    0x00000648   0x00000028   Code   RO          532    i.GPIODirModeSet    driverlib.lib(gpio.o)
    0x00000670   0x00000006   Code   RO          533    i.GPIOIntClear      driverlib.lib(gpio.o)
    0x00000676   0x0000000e   Code   RO          534    i.GPIOIntDisable    driverlib.lib(gpio.o)
    0x00000684   0x0000000e   Code   RO          535    i.GPIOIntEnable     driverlib.lib(gpio.o)
    0x00000692   0x000000b0   Code   RO          542    i.GPIOPadConfigSet  driverlib.lib(gpio.o)
    0x00000742   0x00000002   PAD
    0x00000744   0x00000048   Code   RO          543    i.GPIOPinConfigure  driverlib.lib(gpio.o)
    0x0000078c   0x0000001c   Code   RO          564    i.GPIOPinTypeUART   driverlib.lib(gpio.o)
    0x000007a8   0x0000005c   Code   RO            3    i.InitConsole       hello.o
    0x00000804   0x00000008   Code   RO          811    i.SSIBusy           driverlib.lib(ssi.o)
    0x0000080c   0x0000000c   Code   RO          819    i.SSIDataPut        driverlib.lib(ssi.o)
    0x00000818   0x0000010c   Code   RO          936    i.SysCtlClockGet    driverlib.lib(sysctl.o)
    0x00000924   0x00000002   Code   RO            4    i.SysTick_Handler   hello.o
    0x00000926   0x00000006   Code   RO         1203    i.UARTClockSourceSet  driverlib.lib(uart.o)
    0x0000092c   0x0000005c   Code   RO          225    i.UARTStdioConfig   uartstdio.o
    0x00000988   0x00000012   Code   RO          228    i.UARTprintf        uartstdio.o
    0x0000099a   0x00000002   PAD
    0x0000099c   0x000001b4   Code   RO          229    i.UARTvprintf       uartstdio.o
    0x00000b50   0x0000003c   Code   RO          230    i.UARTwrite         uartstdio.o
    0x00000b8c   0x0000009a   Code   RO         1600    i.__hardfp_roundf   m_wm.l(roundf.o)
    0x00000c26   0x0000000e   Code   RO         1644    i.__scatterload_copy  mc_w.l(handlers.o)
    0x00000c34   0x00000002   Code   RO         1645    i.__scatterload_null  mc_w.l(handlers.o)
    0x00000c36   0x0000000e   Code   RO         1646    i.__scatterload_zeroinit  mc_w.l(handlers.o)
    0x00000c44   0x00000168   Code   RO          281    i.begin             adafruit_gfx.o
    0x00000dac   0x000000c4   Code   RO          282    i.drawChar          adafruit_gfx.o
    0x00000e70   0x00000054   Code   RO          288    i.drawPixel         adafruit_gfx.o
    0x00000ec4   0x00000050   Code   RO          294    i.fillRect          adafruit_gfx.o
    0x00000f14   0x00000012   Code   RO          296    i.fillScreen        adafruit_gfx.o
    0x00000f26   0x0000003e   Code   RO          299    i.goTo              adafruit_gfx.o
    0x00000f64   0x00000010   Code   RO          301    i.initHW            adafruit_gfx.o
    0x00000f74   0x00000072   Code   RO            6    i.lcdTestPattern    hello.o
    0x00000fe6   0x00000002   PAD
    0x00000fe8   0x000003c4   Code   RO            9    i.main              hello.o
    0x000013ac   0x00000086   Code   RO          305    i.rawFillRect       adafruit_gfx.o
    0x00001432   0x00000002   PAD
    0x00001434   0x0000000c   Code   RO          306    i.setCursor         adafruit_gfx.o
    0x00001440   0x00000010   Code   RO          309    i.setTextSize       adafruit_gfx.o
    0x00001450   0x00000064   Code   RO          314    i.writeChar1        adafruit_gfx.o
    0x000014b4   0x0000003c   Code   RO          315    i.writeCommand      adafruit_gfx.o
    0x000014f0   0x00000028   Code   RO          316    i.writeData         adafruit_gfx.o
    0x00001518   0x0000001c   Data   RO          231    .constdata          uartstdio.o
    0x00001534   0x000004fb   Data   RO          317    .constdata          adafruit_gfx.o
    0x00001a2f   0x00000001   PAD
    0x00001a30   0x00000138   Data   RO          568    .constdata          driverlib.lib(gpio.o)
    0x00001b68   0x0000006c   Data   RO          972    .constdata          driverlib.lib(sysctl.o)
    0x00001bd4   0x00000011   Data   RO          232    .conststring        uartstdio.o
    0x00001be5   0x00000003   PAD
    0x00001be8   0x00000020   Data   RO         1642    Region$$Table       anon$$obj.o


    Execution Region RW_IRAM (Base: 0x20000000, Size: 0x00000548, Max: 0x00008000, ABSOLUTE)

    Base Addr    Size         Type   Attr      Idx    E Section Name        Object

    0x20000000   0x00000010   Data   RW           26    .data               hello.o
    0x20000010   0x00000008   Data   RW          233    .data               uartstdio.o
    0x20000018   0x00000010   Data   RW          325    .data               adafruit_gfx.o
    0x20000028   0x00000320   Zero   RW           22    .bss                hello.o
    0x20000348   0x00000200   Zero   RW          218    STACK               startup_rvmdk.o


==============================================================================

Image component sizes


      Code (inc. data)   RO Data    RW Data    ZI Data      Debug   Object Name

      1178         62       1275         16          0       8961   adafruit_gfx.o
      1352        186          0         16        800      11114   hello.o
       648        622          0          0        512        276   startup_rvmdk.o
       606         30         45          8          0       4480   uartstdio.o

    ----------------------------------------------------------------------
      3790        900       1356         40       1312      24831   Object Totals
         0          0         32          0          0          0   (incl. Generated)
         6          0          4          0          0          0   (incl. Padding)

    ----------------------------------------------------------------------

      Code (inc. data)   RO Data    RW Data    ZI Data      Debug   Library Member Name

       350          8        312          0          0       6913   gpio.o
        20          0          0          0          0        835   ssi.o
       268         18        108          0          0       1972   sysctl.o
         6          0          0          0          0        433   uart.o
       154          0          0          0          0        140   roundf.o
         0          0          0          0          0          0   entry.o
         0          0          0          0          0          0   entry10a.o
         0          0          0          0          0          0   entry11a.o
         8          4          0          0          0          0   entry2.o
         4          0          0          0          0          0   entry5.o
         0          0          0          0          0          0   entry7b.o
         0          0          0          0          0          0   entry8b.o
         8          4          0          0          0          0   entry9a.o
        30          0          0          0          0          0   handlers.o
        36          8          0          0          0         68   init.o
         0          0          0          0          0          0   iusefp.o
        30          0          0          0          0         68   llshl.o
        32          0          0          0          0         68   llushr.o
       186          0          0          0          0        176   depilogue.o
        50          0          0          0          0         76   dfixui.o
        26          0          0          0          0         76   dfltui.o
       228          0          0          0          0         96   dmul.o
       110          0          0          0          0        168   fepilogue.o
        60          0          0          0          0         76   frnd.o

    ----------------------------------------------------------------------
      1610         42        420          0          0      11165   Library Totals
         4          0          0          0          0          0   (incl. Padding)

    ----------------------------------------------------------------------

      Code (inc. data)   RO Data    RW Data    ZI Data      Debug   Library Name

       644         26        420          0          0      10153   driverlib.lib
       154          0          0          0          0        140   m_wm.l
       148         16          0          0          0        204   mc_w.l
       660          0          0          0          0        668   mf_w.l

    ----------------------------------------------------------------------
      1610         42        420          0          0      11165   Library Totals

    ----------------------------------------------------------------------

==============================================================================


      Code (inc. data)   RO Data    RW Data    ZI Data      Debug   

      5400        942       1776         40       1312      33036   Grand Totals
      5400        942       1776         40       1312      33036   ELF Image Totals
      5400        942       1776         40          0          0   ROM Totals

==============================================================================

    Total RO  Size (Code + RO Data)                 7176 (   7.01kB)
    Total RW  Size (RW Data + ZI Data)              1352 (   1.32kB)
    Total ROM Size (Code + RO Data + RW Data)       7216 (   7.05kB)

==============================================================================

